Archive member included to satisfy reference by file (symbol)

C:\Users\jonat\Downloads\arm-gnu-toolchain-15.2.rel1-mingw-w64-x86_64-arm-none-eabi\arm-none-eabi\lib\thumb\v6-m\nofp\libnosys.a(errno.o)
                              newlib_stubs.o (errno)
C:\Users\jonat\Downloads\arm-gnu-toolchain-15.2.rel1-mingw-w64-x86_64-arm-none-eabi\lib\gcc\arm-none-eabi\15.2.1\thumb\v6-m\nofp\libgcc.a(_divsi3.o)
                              serial.o (__aeabi_idiv)
C:\Users\jonat\Downloads\arm-gnu-toolchain-15.2.rel1-mingw-w64-x86_64-arm-none-eabi\lib\gcc\arm-none-eabi\15.2.1\thumb\v6-m\nofp\libgcc.a(_dvmd_tls.o)
                              C:\Users\jonat\Downloads\arm-gnu-toolchain-15.2.rel1-mingw-w64-x86_64-arm-none-eabi\lib\gcc\arm-none-eabi\15.2.1\thumb\v6-m\nofp\libgcc.a(_divsi3.o) (__aeabi_idiv0)
C:\Users\jonat\Downloads\arm-gnu-toolchain-15.2.rel1-mingw-w64-x86_64-arm-none-eabi\arm-none-eabi\lib\thumb\v6-m\nofp\libc_nano.a(libc_a-fflush.o)
                              main.o (fflush)
C:\Users\jonat\Downloads\arm-gnu-toolchain-15.2.rel1-mingw-w64-x86_64-arm-none-eabi\arm-none-eabi\lib\thumb\v6-m\nofp\libc_nano.a(libc_a-findfp.o)
                              C:\Users\jonat\Downloads\arm-gnu-toolchain-15.2.rel1-mingw-w64-x86_64-arm-none-eabi\arm-none-eabi\lib\thumb\v6-m\nofp\libc_nano.a(libc_a-fflush.o) (__sglue)
C:\Users\jonat\Downloads\arm-gnu-toolchain-15.2.rel1-mingw-w64-x86_64-arm-none-eabi\arm-none-eabi\lib\thumb\v6-m\nofp\libc_nano.a(libc_a-fwalk.o)
                              C:\Users\jonat\Downloads\arm-gnu-toolchain-15.2.rel1-mingw-w64-x86_64-arm-none-eabi\arm-none-eabi\lib\thumb\v6-m\nofp\libc_nano.a(libc_a-fflush.o) (_fwalk_sglue)
C:\Users\jonat\Downloads\arm-gnu-toolchain-15.2.rel1-mingw-w64-x86_64-arm-none-eabi\arm-none-eabi\lib\thumb\v6-m\nofp\libc_nano.a(libc_a-printf.o)
                              main.o (printf)
C:\Users\jonat\Downloads\arm-gnu-toolchain-15.2.rel1-mingw-w64-x86_64-arm-none-eabi\arm-none-eabi\lib\thumb\v6-m\nofp\libc_nano.a(libc_a-puts.o)
                              main.o (puts)
C:\Users\jonat\Downloads\arm-gnu-toolchain-15.2.rel1-mingw-w64-x86_64-arm-none-eabi\arm-none-eabi\lib\thumb\v6-m\nofp\libc_nano.a(libc_a-stdio.o)
                              C:\Users\jonat\Downloads\arm-gnu-toolchain-15.2.rel1-mingw-w64-x86_64-arm-none-eabi\arm-none-eabi\lib\thumb\v6-m\nofp\libc_nano.a(libc_a-findfp.o) (__sread)
C:\Users\jonat\Downloads\arm-gnu-toolchain-15.2.rel1-mingw-w64-x86_64-arm-none-eabi\arm-none-eabi\lib\thumb\v6-m\nofp\libc_nano.a(libc_a-wbuf.o)
                              C:\Users\jonat\Downloads\arm-gnu-toolchain-15.2.rel1-mingw-w64-x86_64-arm-none-eabi\arm-none-eabi\lib\thumb\v6-m\nofp\libc_nano.a(libc_a-puts.o) (__swbuf_r)
C:\Users\jonat\Downloads\arm-gnu-toolchain-15.2.rel1-mingw-w64-x86_64-arm-none-eabi\arm-none-eabi\lib\thumb\v6-m\nofp\libc_nano.a(libc_a-wsetup.o)
                              C:\Users\jonat\Downloads\arm-gnu-toolchain-15.2.rel1-mingw-w64-x86_64-arm-none-eabi\arm-none-eabi\lib\thumb\v6-m\nofp\libc_nano.a(libc_a-puts.o) (__swsetup_r)
C:\Users\jonat\Downloads\arm-gnu-toolchain-15.2.rel1-mingw-w64-x86_64-arm-none-eabi\arm-none-eabi\lib\thumb\v6-m\nofp\libc_nano.a(libc_a-memset.o)
                              C:\Users\jonat\Downloads\arm-gnu-toolchain-15.2.rel1-mingw-w64-x86_64-arm-none-eabi\arm-none-eabi\lib\thumb\v6-m\nofp\libc_nano.a(libc_a-findfp.o) (memset)
C:\Users\jonat\Downloads\arm-gnu-toolchain-15.2.rel1-mingw-w64-x86_64-arm-none-eabi\arm-none-eabi\lib\thumb\v6-m\nofp\libc_nano.a(libc_a-closer.o)
                              C:\Users\jonat\Downloads\arm-gnu-toolchain-15.2.rel1-mingw-w64-x86_64-arm-none-eabi\arm-none-eabi\lib\thumb\v6-m\nofp\libc_nano.a(libc_a-stdio.o) (_close_r)
C:\Users\jonat\Downloads\arm-gnu-toolchain-15.2.rel1-mingw-w64-x86_64-arm-none-eabi\arm-none-eabi\lib\thumb\v6-m\nofp\libc_nano.a(libc_a-impure.o)
                              main.o (_impure_ptr)
C:\Users\jonat\Downloads\arm-gnu-toolchain-15.2.rel1-mingw-w64-x86_64-arm-none-eabi\arm-none-eabi\lib\thumb\v6-m\nofp\libc_nano.a(libc_a-lseekr.o)
                              C:\Users\jonat\Downloads\arm-gnu-toolchain-15.2.rel1-mingw-w64-x86_64-arm-none-eabi\arm-none-eabi\lib\thumb\v6-m\nofp\libc_nano.a(libc_a-stdio.o) (_lseek_r)
C:\Users\jonat\Downloads\arm-gnu-toolchain-15.2.rel1-mingw-w64-x86_64-arm-none-eabi\arm-none-eabi\lib\thumb\v6-m\nofp\libc_nano.a(libc_a-readr.o)
                              C:\Users\jonat\Downloads\arm-gnu-toolchain-15.2.rel1-mingw-w64-x86_64-arm-none-eabi\arm-none-eabi\lib\thumb\v6-m\nofp\libc_nano.a(libc_a-stdio.o) (_read_r)
C:\Users\jonat\Downloads\arm-gnu-toolchain-15.2.rel1-mingw-w64-x86_64-arm-none-eabi\arm-none-eabi\lib\thumb\v6-m\nofp\libc_nano.a(libc_a-writer.o)
                              C:\Users\jonat\Downloads\arm-gnu-toolchain-15.2.rel1-mingw-w64-x86_64-arm-none-eabi\arm-none-eabi\lib\thumb\v6-m\nofp\libc_nano.a(libc_a-stdio.o) (_write_r)
[...]
Memory Configuration

Name             Origin             Length             Attributes
flash            0x08000000         0x00010000
ram              0x20000000         0x00002000
*default*        0x00000000         0xffffffff

Linker script and memory map

LOAD main.o
LOAD serial.o
LOAD startup.o
LOAD newlib_stubs.o
LOAD C:\Users\jonat\Downloads\arm-gnu-toolchain-15.2.rel1-mingw-w64-x86_64-arm-none-eabi\arm-none-eabi\lib\thumb\v6-m\nofp\libnosys.a
LOAD C:\Users\jonat\Downloads\arm-gnu-toolchain-15.2.rel1-mingw-w64-x86_64-arm-none-eabi\lib\gcc\arm-none-eabi\15.2.1\thumb\v6-m\nofp\libgcc.a
START GROUP
LOAD C:\Users\jonat\Downloads\arm-gnu-toolchain-15.2.rel1-mingw-w64-x86_64-arm-none-eabi\lib\gcc\arm-none-eabi\15.2.1\thumb\v6-m\nofp\libgcc.a
LOAD C:\Users\jonat\Downloads\arm-gnu-toolchain-15.2.rel1-mingw-w64-x86_64-arm-none-eabi\arm-none-eabi\lib\thumb\v6-m\nofp\libc_nano.a
LOAD C:\Users\jonat\Downloads\arm-gnu-toolchain-15.2.rel1-mingw-w64-x86_64-arm-none-eabi\arm-none-eabi\lib\thumb\v6-m\nofp\libm.a
END GROUP

.text           0x08000000     0x4414
 *(.vectors)
 .vectors       0x08000000       0xb8 startup.o
                0x08000000                Vectors
 *(.after_vectors*)
 .after_vectors
                0x080000b8       0x28 startup.o
                0x080000b8                ResetInit
 *(.text*)
 .text          0x080000e0     0x1eac main.o
                0x080004ac                TIM2_Handler
                0x08001c04                main
 .text          0x08001f8c      0x5b4 serial.o
                0x08001f8c                ReadCom
                0x08002000                WriteCom
                0x080020a0                initUART
                0x080021f0                USART1_Handler
                0x0800221c                usart_rx
                0x0800224c                usart_tx
                0x080022b4                PutBuf
                0x08002316                GetBuf
                0x0800236c                GetBufCount
                0x08002380                eputs
                0x080023bc                eputc
                0x080023da                egetc
                0x080023f4                egets
                0x08002480                egetc_echo
                0x080024a6                egets_echo
 .text          0x08002540      0x1a8 startup.o
                0x080025b8                initClock
                0x080026c0                EXTI2_3_Handler
                0x080026c0                TIM21_Handler
                0x080026c0                SysTick_Handler
                0x080026c0                I2C1_Handler
                0x080026c0                PendSV_Handler
                0x080026c0                NMI_Handler
                0x080026c0                WWDG_Handler
                0x080026c0                RTC_Handler
                0x080026c0                EXTI4_15_Handler
                0x080026c0                DMA_CH4_5_6_7_Handler
                0x080026c0                Default_Handler
                0x080026c0                LPUART1_Handler
                0x080026c0                FLASH_Handler
                0x080026c0                EXTI0_1_Handler
                0x080026c0                DMA_CH1_Handler
                0x080026c0                SPI2_Handler
                0x080026c0                DMA_CH2_3_Handler
                0x080026c0                I2C2_Handler
                0x080026c0                SVC_Handler
                0x080026c0                LPTIM1_Handler
                0x080026c0                USART2_Handler
                0x080026c0                SPI1_Handler
                0x080026c0                RCC_Handler
                0x080026c0                PVD_Handler
                0x080026c0                TIM6_Handler
                0x080026c0                TIM22_Handler
                0x080026c0                ADC_COMP_Handler
                0x080026d4                Hard_Fault_Handler
 .text          0x080026e8      0x29c newlib_stubs.o
                0x080026e8                _exit
                0x080026f2                _close
                0x08002706                _execve
                0x08002728                _fork
                0x08002740                _fstat
                0x0800275c                _getpid
                0x08002768                _kill
                0x08002788                _link
                0x080027a8                _lseek
                0x080027be                _stat
                0x080027da                _times
                0x080027ee                _unlink
                0x0800280c                _wait
                0x0800282c                _isatty
                0x08002854                _sbrk
                0x080028b8                _read
                0x08002930                _write
 .text          0x08002984        0x0 C:\Users\jonat\Downloads\arm-gnu-toolchain-15.2.rel1-mingw-w64-x86_64-arm-none-eabi\arm-none-eabi\lib\thumb\v6-m\nofp\libnosys.a(errno.o)
 .text          0x08002984      0x1d4 C:\Users\jonat\Downloads\arm-gnu-toolchain-15.2.rel1-mingw-w64-x86_64-arm-none-eabi\lib\gcc\arm-none-eabi\15.2.1\thumb\v6-m\nofp\libgcc.a(_divsi3.o)
                0x08002984                __divsi3
                0x08002984                __aeabi_idiv
                0x08002b50                __aeabi_idivmod
 .text          0x08002b58        0x4 C:\Users\jonat\Downloads\arm-gnu-toolchain-15.2.rel1-mingw-w64-x86_64-arm-none-eabi\lib\gcc\arm-none-eabi\15.2.1\thumb\v6-m\nofp\libgcc.a(_dvmd_tls.o)
                0x08002b58                __aeabi_idiv0
                0x08002b58                __aeabi_ldiv0
 .text          0x08002b5c        0x0 C:\Users\jonat\Downloads\arm-gnu-toolchain-15.2.rel1-mingw-w64-x86_64-arm-none-eabi\arm-none-eabi\lib\thumb\v6-m\nofp\libc_nano.a(libc_a-fflush.o)
 .text.__sflush_r
                0x08002b5c      0x10c C:\Users\jonat\Downloads\arm-gnu-toolchain-15.2.rel1-mingw-w64-x86_64-arm-none-eabi\arm-none-eabi\lib\thumb\v6-m\nofp\libc_nano.a(libc_a-fflush.o)
                0x08002b5c                __sflush_r
 .text._fflush_r
                0x08002c68       0x56 C:\Users\jonat\Downloads\arm-gnu-toolchain-15.2.rel1-mingw-w64-x86_64-arm-none-eabi\arm-none-eabi\lib\thumb\v6-m\nofp\libc_nano.a(libc_a-fflush.o)
                0x08002c68                _fflush_r
 *fill*         0x08002cbe        0x2 
 .text.fflush   0x08002cc0       0x30 C:\Users\jonat\Downloads\arm-gnu-toolchain-15.2.rel1-mingw-w64-x86_64-arm-none-eabi\arm-none-eabi\lib\thumb\v6-m\nofp\libc_nano.a(libc_a-fflush.o)
                0x08002cc0                fflush
 .text          0x08002cf0        0x0 C:\Users\jonat\Downloads\arm-gnu-toolchain-15.2.rel1-mingw-w64-x86_64-arm-none-eabi\arm-none-eabi\lib\thumb\v6-m\nofp\libc_nano.a(libc_a-findfp.o)
 .text.std      0x08002cf0       0x6c C:\Users\jonat\Downloads\arm-gnu-toolchain-15.2.rel1-mingw-w64-x86_64-arm-none-eabi\arm-none-eabi\lib\thumb\v6-m\nofp\libc_nano.a(libc_a-findfp.o)
 .text.stdio_exit_handler
                0x08002d5c       0x1c C:\Users\jonat\Downloads\arm-gnu-toolchain-15.2.rel1-mingw-w64-x86_64-arm-none-eabi\arm-none-eabi\lib\thumb\v6-m\nofp\libc_nano.a(libc_a-findfp.o)
 .text.cleanup_stdio
                0x08002d78       0x3c C:\Users\jonat\Downloads\arm-gnu-toolchain-15.2.rel1-mingw-w64-x86_64-arm-none-eabi\arm-none-eabi\lib\thumb\v6-m\nofp\libc_nano.a(libc_a-findfp.o)
 .text.__fp_lock
                0x08002db4       0x18 C:\Users\jonat\Downloads\arm-gnu-toolchain-15.2.rel1-mingw-w64-x86_64-arm-none-eabi\arm-none-eabi\lib\thumb\v6-m\nofp\libc_nano.a(libc_a-findfp.o)
 .text.__fp_unlock
                0x08002dcc       0x18 C:\Users\jonat\Downloads\arm-gnu-toolchain-15.2.rel1-mingw-w64-x86_64-arm-none-eabi\arm-none-eabi\lib\thumb\v6-m\nofp\libc_nano.a(libc_a-findfp.o)
 .text.global_stdio_init.part.0
                0x08002de4       0x3c C:\Users\jonat\Downloads\arm-gnu-toolchain-15.2.rel1-mingw-w64-x86_64-arm-none-eabi\arm-none-eabi\lib\thumb\v6-m\nofp\libc_nano.a(libc_a-findfp.o)
 .text.__sfp_lock_acquire
                0x08002e20       0x10 C:\Users\jonat\Downloads\arm-gnu-toolchain-15.2.rel1-mingw-w64-x86_64-arm-none-eabi\arm-none-eabi\lib\thumb\v6-m\nofp\libc_nano.a(libc_a-findfp.o)
                0x08002e20                __sfp_lock_acquire
 .text.__sfp_lock_release
                0x08002e30       0x10 C:\Users\jonat\Downloads\arm-gnu-toolchain-15.2.rel1-mingw-w64-x86_64-arm-none-eabi\arm-none-eabi\lib\thumb\v6-m\nofp\libc_nano.a(libc_a-findfp.o)
                0x08002e30                __sfp_lock_release
 .text.__sfp    0x08002e40       0xac C:\Users\jonat\Downloads\arm-gnu-toolchain-15.2.rel1-mingw-w64-x86_64-arm-none-eabi\arm-none-eabi\lib\thumb\v6-m\nofp\libc_nano.a(libc_a-findfp.o)
                0x08002e40                __sfp
 .text.__sinit  0x08002eec       0x30 C:\Users\jonat\Downloads\arm-gnu-toolchain-15.2.rel1-mingw-w64-x86_64-arm-none-eabi\arm-none-eabi\lib\thumb\v6-m\nofp\libc_nano.a(libc_a-findfp.o)
                0x08002eec                __sinit
 .text.__fp_lock_all
                0x08002f1c       0x1c C:\Users\jonat\Downloads\arm-gnu-toolchain-15.2.rel1-mingw-w64-x86_64-arm-none-eabi\arm-none-eabi\lib\thumb\v6-m\nofp\libc_nano.a(libc_a-findfp.o)
                0x08002f1c                __fp_lock_all
 .text.__fp_unlock_all
                0x08002f38       0x1c C:\Users\jonat\Downloads\arm-gnu-toolchain-15.2.rel1-mingw-w64-x86_64-arm-none-eabi\arm-none-eabi\lib\thumb\v6-m\nofp\libc_nano.a(libc_a-findfp.o)
                0x08002f38                __fp_unlock_all
 .text          0x08002f54        0x0 C:\Users\jonat\Downloads\arm-gnu-toolchain-15.2.rel1-mingw-w64-x86_64-arm-none-eabi\arm-none-eabi\lib\thumb\v6-m\nofp\libc_nano.a(libc_a-fwalk.o)
 .text._fwalk_sglue
                0x08002f54       0x38 C:\Users\jonat\Downloads\arm-gnu-toolchain-15.2.rel1-mingw-w64-x86_64-arm-none-eabi\arm-none-eabi\lib\thumb\v6-m\nofp\libc_nano.a(libc_a-fwalk.o)
                0x08002f54                _fwalk_sglue
 .text          0x08002f8c        0x0 C:\Users\jonat\Downloads\arm-gnu-toolchain-15.2.rel1-mingw-w64-x86_64-arm-none-eabi\arm-none-eabi\lib\thumb\v6-m\nofp\libc_nano.a(libc_a-printf.o)
 .text._printf_r
                0x08002f8c       0x18 C:\Users\jonat\Downloads\arm-gnu-toolchain-15.2.rel1-mingw-w64-x86_64-arm-none-eabi\arm-none-eabi\lib\thumb\v6-m\nofp\libc_nano.a(libc_a-printf.o)
                0x08002f8c                _iprintf_r
                0x08002f8c                _printf_r
 .text.printf   0x08002fa4       0x20 C:\Users\jonat\Downloads\arm-gnu-toolchain-15.2.rel1-mingw-w64-x86_64-arm-none-eabi\arm-none-eabi\lib\thumb\v6-m\nofp\libc_nano.a(libc_a-printf.o)
                0x08002fa4                iprintf
                0x08002fa4                printf
 .text          0x08002fc4        0x0 C:\Users\jonat\Downloads\arm-gnu-toolchain-15.2.rel1-mingw-w64-x86_64-arm-none-eabi\arm-none-eabi\lib\thumb\v6-m\nofp\libc_nano.a(libc_a-puts.o)
 .text._puts_r  0x08002fc4       0xaa C:\Users\jonat\Downloads\arm-gnu-toolchain-15.2.rel1-mingw-w64-x86_64-arm-none-eabi\arm-none-eabi\lib\thumb\v6-m\nofp\libc_nano.a(libc_a-puts.o)
                0x08002fc4                _puts_r
 *fill*         0x0800306e        0x2 
 .text.puts     0x08003070       0x14 C:\Users\jonat\Downloads\arm-gnu-toolchain-15.2.rel1-mingw-w64-x86_64-arm-none-eabi\arm-none-eabi\lib\thumb\v6-m\nofp\libc_nano.a(libc_a-puts.o)
                0x08003070                puts
 .text          0x08003084        0x0 C:\Users\jonat\Downloads\arm-gnu-toolchain-15.2.rel1-mingw-w64-x86_64-arm-none-eabi\arm-none-eabi\lib\thumb\v6-m\nofp\libc_nano.a(libc_a-stdio.o)
 .text.__sread  0x08003084       0x28 C:\Users\jonat\Downloads\arm-gnu-toolchain-15.2.rel1-mingw-w64-x86_64-arm-none-eabi\arm-none-eabi\lib\thumb\v6-m\nofp\libc_nano.a(libc_a-stdio.o)
                0x08003084                __sread
 .text.__seofread
                0x080030ac        0x4 C:\Users\jonat\Downloads\arm-gnu-toolchain-15.2.rel1-mingw-w64-x86_64-arm-none-eabi\arm-none-eabi\lib\thumb\v6-m\nofp\libc_nano.a(libc_a-stdio.o)
                0x080030ac                __seofread
 .text.__swrite
                0x080030b0       0x38 C:\Users\jonat\Downloads\arm-gnu-toolchain-15.2.rel1-mingw-w64-x86_64-arm-none-eabi\arm-none-eabi\lib\thumb\v6-m\nofp\libc_nano.a(libc_a-stdio.o)
                0x080030b0                __swrite
 .text.__sseek  0x080030e8       0x2c C:\Users\jonat\Downloads\arm-gnu-toolchain-15.2.rel1-mingw-w64-x86_64-arm-none-eabi\arm-none-eabi\lib\thumb\v6-m\nofp\libc_nano.a(libc_a-stdio.o)
                0x080030e8                __sseek
 .text.__sclose
                0x08003114        0xc C:\Users\jonat\Downloads\arm-gnu-toolchain-15.2.rel1-mingw-w64-x86_64-arm-none-eabi\arm-none-eabi\lib\thumb\v6-m\nofp\libc_nano.a(libc_a-stdio.o)
                0x08003114                __sclose
 .text          0x08003120        0x0 C:\Users\jonat\Downloads\arm-gnu-toolchain-15.2.rel1-mingw-w64-x86_64-arm-none-eabi\arm-none-eabi\lib\thumb\v6-m\nofp\libc_nano.a(libc_a-wbuf.o)
 .text.__swbuf_r
                0x08003120       0x82 C:\Users\jonat\Downloads\arm-gnu-toolchain-15.2.rel1-mingw-w64-x86_64-arm-none-eabi\arm-none-eabi\lib\thumb\v6-m\nofp\libc_nano.a(libc_a-wbuf.o)
                0x08003120                __swbuf_r
 *fill*         0x080031a2        0x2 
 .text.__swbuf  0x080031a4       0x14 C:\Users\jonat\Downloads\arm-gnu-toolchain-15.2.rel1-mingw-w64-x86_64-arm-none-eabi\arm-none-eabi\lib\thumb\v6-m\nofp\libc_nano.a(libc_a-wbuf.o)
                0x080031a4                __swbuf
 .text          0x080031b8        0x0 C:\Users\jonat\Downloads\arm-gnu-toolchain-15.2.rel1-mingw-w64-x86_64-arm-none-eabi\arm-none-eabi\lib\thumb\v6-m\nofp\libc_nano.a(libc_a-wsetup.o)
 .text.__swsetup_r
                0x080031b8       0xb8 C:\Users\jonat\Downloads\arm-gnu-toolchain-15.2.rel1-mingw-w64-x86_64-arm-none-eabi\arm-none-eabi\lib\thumb\v6-m\nofp\libc_nano.a(libc_a-wsetup.o)
                0x080031b8                __swsetup_r
 .text          0x08003270        0x0 C:\Users\jonat\Downloads\arm-gnu-toolchain-15.2.rel1-mingw-w64-x86_64-arm-none-eabi\arm-none-eabi\lib\thumb\v6-m\nofp\libc_nano.a(libc_a-memset.o)
 .text.memset   0x08003270       0x10 C:\Users\jonat\Downloads\arm-gnu-toolchain-15.2.rel1-mingw-w64-x86_64-arm-none-eabi\arm-none-eabi\lib\thumb\v6-m\nofp\libc_nano.a(libc_a-memset.o)
                0x08003270                memset
 .text          0x08003280        0x0 C:\Users\jonat\Downloads\arm-gnu-toolchain-15.2.rel1-mingw-w64-x86_64-arm-none-eabi\arm-none-eabi\lib\thumb\v6-m\nofp\libc_nano.a(libc_a-closer.o)
 .text._close_r
                0x08003280       0x24 C:\Users\jonat\Downloads\arm-gnu-toolchain-15.2.rel1-mingw-w64-x86_64-arm-none-eabi\arm-none-eabi\lib\thumb\v6-m\nofp\libc_nano.a(libc_a-closer.o)
                0x08003280                _close_r
 .text          0x080032a4        0x0 C:\Users\jonat\Downloads\arm-gnu-toolchain-15.2.rel1-mingw-w64-x86_64-arm-none-eabi\arm-none-eabi\lib\thumb\v6-m\nofp\libc_nano.a(libc_a-impure.o)
 .text          0x080032a4        0x0 C:\Users\jonat\Downloads\arm-gnu-toolchain-15.2.rel1-mingw-w64-x86_64-arm-none-eabi\arm-none-eabi\lib\thumb\v6-m\nofp\libc_nano.a(libc_a-lseekr.o)
 .text._lseek_r
                0x080032a4       0x28 C:\Users\jonat\Downloads\arm-gnu-toolchain-15.2.rel1-mingw-w64-x86_64-arm-none-eabi\arm-none-eabi\lib\thumb\v6-m\nofp\libc_nano.a(libc_a-lseekr.o)
                0x080032a4                _lseek_r
 .text          0x080032cc        0x0 C:\Users\jonat\Downloads\arm-gnu-toolchain-15.2.rel1-mingw-w64-x86_64-arm-none-eabi\arm-none-eabi\lib\thumb\v6-m\nofp\libc_nano.a(libc_a-readr.o)
 .text._read_r  0x080032cc       0x28 C:\Users\jonat\Downloads\arm-gnu-toolchain-15.2.rel1-mingw-w64-x86_64-arm-none-eabi\arm-none-eabi\lib\thumb\v6-m\nofp\libc_nano.a(libc_a-readr.o)
                0x080032cc                _read_r
 .text          0x080032f4        0x0 C:\Users\jonat\Downloads\arm-gnu-toolchain-15.2.rel1-mingw-w64-x86_64-arm-none-eabi\arm-none-eabi\lib\thumb\v6-m\nofp\libc_nano.a(libc_a-writer.o)
 .text._write_r
                0x080032f4       0x28 C:\Users\jonat\Downloads\arm-gnu-toolchain-15.2.rel1-mingw-w64-x86_64-arm-none-eabi\arm-none-eabi\lib\thumb\v6-m\nofp\libc_nano.a(libc_a-writer.o)
                0x080032f4                _write_r
 .text          0x0800331c        0x0 C:\Users\jonat\Downloads\arm-gnu-toolchain-15.2.rel1-mingw-w64-x86_64-arm-none-eabi\arm-none-eabi\lib\thumb\v6-m\nofp\libc_nano.a(libc_a-lock.o)
 .text.__retarget_lock_init
                0x0800331c        0x2 C:\Users\jonat\Downloads\arm-gnu-toolchain-15.2.rel1-mingw-w64-x86_64-arm-none-eabi\arm-none-eabi\lib\thumb\v6-m\nofp\libc_nano.a(libc_a-lock.o)
                0x0800331c                __retarget_lock_init
 .text.__retarget_lock_init_recursive
                0x0800331e        0x2 C:\Users\jonat\Downloads\arm-gnu-toolchain-15.2.rel1-mingw-w64-x86_64-arm-none-eabi\arm-none-eabi\lib\thumb\v6-m\nofp\libc_nano.a(libc_a-lock.o)
                0x0800331e                __retarget_lock_init_recursive
 .text.__retarget_lock_close
                0x08003320        0x2 C:\Users\jonat\Downloads\arm-gnu-toolchain-15.2.rel1-mingw-w64-x86_64-arm-none-eabi\arm-none-eabi\lib\thumb\v6-m\nofp\libc_nano.a(libc_a-lock.o)
                0x08003320                __retarget_lock_close
 .text.__retarget_lock_close_recursive
                0x08003322        0x2 C:\Users\jonat\Downloads\arm-gnu-toolchain-15.2.rel1-mingw-w64-x86_64-arm-none-eabi\arm-none-eabi\lib\thumb\v6-m\nofp\libc_nano.a(libc_a-lock.o)
                0x08003322                __retarget_lock_close_recursive
 .text.__retarget_lock_acquire
                0x08003324        0x2 C:\Users\jonat\Downloads\arm-gnu-toolchain-15.2.rel1-mingw-w64-x86_64-arm-none-eabi\arm-none-eabi\lib\thumb\v6-m\nofp\libc_nano.a(libc_a-lock.o)
                0x08003324                __retarget_lock_acquire
 .text.__retarget_lock_acquire_recursive
                0x08003326        0x2 C:\Users\jonat\Downloads\arm-gnu-toolchain-15.2.rel1-mingw-w64-x86_64-arm-none-eabi\arm-none-eabi\lib\thumb\v6-m\nofp\libc_nano.a(libc_a-lock.o)
                0x08003326                __retarget_lock_acquire_recursive
 .text.__retarget_lock_try_acquire
                0x08003328        0x4 C:\Users\jonat\Downloads\arm-gnu-toolchain-15.2.rel1-mingw-w64-x86_64-arm-none-eabi\arm-none-eabi\lib\thumb\v6-m\nofp\libc_nano.a(libc_a-lock.o)
                0x08003328                __retarget_lock_try_acquire
 .text.__retarget_lock_try_acquire_recursive
                0x0800332c        0x4 C:\Users\jonat\Downloads\arm-gnu-toolchain-15.2.rel1-mingw-w64-x86_64-arm-none-eabi\arm-none-eabi\lib\thumb\v6-m\nofp\libc_nano.a(libc_a-lock.o)
                0x0800332c                __retarget_lock_try_acquire_recursive
 .text.__retarget_lock_release
                0x08003330        0x2 C:\Users\jonat\Downloads\arm-gnu-toolchain-15.2.rel1-mingw-w64-x86_64-arm-none-eabi\arm-none-eabi\lib\thumb\v6-m\nofp\libc_nano.a(libc_a-lock.o)
                0x08003330                __retarget_lock_release
 .text.__retarget_lock_release_recursive
                0x08003332        0x2 C:\Users\jonat\Downloads\arm-gnu-toolchain-15.2.rel1-mingw-w64-x86_64-arm-none-eabi\arm-none-eabi\lib\thumb\v6-m\nofp\libc_nano.a(libc_a-lock.o)
                0x08003332                __retarget_lock_release_recursive
 .text          0x08003334        0x0 C:\Users\jonat\Downloads\arm-gnu-toolchain-15.2.rel1-mingw-w64-x86_64-arm-none-eabi\arm-none-eabi\lib\thumb\v6-m\nofp\libc_nano.a(libc_a-freer.o)
 .text._free_r  0x08003334       0x94 C:\Users\jonat\Downloads\arm-gnu-toolchain-15.2.rel1-mingw-w64-x86_64-arm-none-eabi\arm-none-eabi\lib\thumb\v6-m\nofp\libc_nano.a(libc_a-freer.o)
                0x08003334                _free_r
 .text          0x080033c8        0x0 C:\Users\jonat\Downloads\arm-gnu-toolchain-15.2.rel1-mingw-w64-x86_64-arm-none-eabi\arm-none-eabi\lib\thumb\v6-m\nofp\libc_nano.a(libc_a-mallocr.o)
 .text.sbrk_aligned
                0x080033c8       0x44 C:\Users\jonat\Downloads\arm-gnu-toolchain-15.2.rel1-mingw-w64-x86_64-arm-none-eabi\arm-none-eabi\lib\thumb\v6-m\nofp\libc_nano.a(libc_a-mallocr.o)
 .text._malloc_r
                0x0800340c      0x100 C:\Users\jonat\Downloads\arm-gnu-toolchain-15.2.rel1-mingw-w64-x86_64-arm-none-eabi\arm-none-eabi\lib\thumb\v6-m\nofp\libc_nano.a(libc_a-mallocr.o)
                0x0800340c                _malloc_r
 .text          0x0800350c        0x0 C:\Users\jonat\Downloads\arm-gnu-toolchain-15.2.rel1-mingw-w64-x86_64-arm-none-eabi\arm-none-eabi\lib\thumb\v6-m\nofp\libc_nano.a(libc_a-mlock.o)
 .text.__malloc_lock
                0x0800350c       0x10 C:\Users\jonat\Downloads\arm-gnu-toolchain-15.2.rel1-mingw-w64-x86_64-arm-none-eabi\arm-none-eabi\lib\thumb\v6-m\nofp\libc_nano.a(libc_a-mlock.o)
                0x0800350c                __malloc_lock
 .text.__malloc_unlock
                0x0800351c       0x10 C:\Users\jonat\Downloads\arm-gnu-toolchain-15.2.rel1-mingw-w64-x86_64-arm-none-eabi\arm-none-eabi\lib\thumb\v6-m\nofp\libc_nano.a(libc_a-mlock.o)
                0x0800351c                __malloc_unlock
 .text          0x0800352c        0x0 C:\Users\jonat\Downloads\arm-gnu-toolchain-15.2.rel1-mingw-w64-x86_64-arm-none-eabi\arm-none-eabi\lib\thumb\v6-m\nofp\libc_nano.a(libc_a-nano-vfprintf.o)
 .text.__sfputc_r
                0x0800352c       0x2a C:\Users\jonat\Downloads\arm-gnu-toolchain-15.2.rel1-mingw-w64-x86_64-arm-none-eabi\arm-none-eabi\lib\thumb\v6-m\nofp\libc_nano.a(libc_a-nano-vfprintf.o)
 .text.__sfputs_r
                0x08003556       0x24 C:\Users\jonat\Downloads\arm-gnu-toolchain-15.2.rel1-mingw-w64-x86_64-arm-none-eabi\arm-none-eabi\lib\thumb\v6-m\nofp\libc_nano.a(libc_a-nano-vfprintf.o)
                0x08003556                __sfputs_r
 .text.__sprint_r
                0x0800357a       0x20 C:\Users\jonat\Downloads\arm-gnu-toolchain-15.2.rel1-mingw-w64-x86_64-arm-none-eabi\arm-none-eabi\lib\thumb\v6-m\nofp\libc_nano.a(libc_a-nano-vfprintf.o)
                0x0800357a                __sprint_r
 *fill*         0x0800359a        0x2 
 .text._vfprintf_r
                0x0800359c      0x224 C:\Users\jonat\Downloads\arm-gnu-toolchain-15.2.rel1-mingw-w64-x86_64-arm-none-eabi\arm-none-eabi\lib\thumb\v6-m\nofp\libc_nano.a(libc_a-nano-vfprintf.o)
                0x0800359c                _vfprintf_r
                0x0800359c                _vfiprintf_r
 .text.vfprintf
                0x080037c0       0x18 C:\Users\jonat\Downloads\arm-gnu-toolchain-15.2.rel1-mingw-w64-x86_64-arm-none-eabi\arm-none-eabi\lib\thumb\v6-m\nofp\libc_nano.a(libc_a-nano-vfprintf.o)
                0x080037c0                vfprintf
                0x080037c0                vfiprintf
 .text          0x080037d8        0x0 C:\Users\jonat\Downloads\arm-gnu-toolchain-15.2.rel1-mingw-w64-x86_64-arm-none-eabi\arm-none-eabi\lib\thumb\v6-m\nofp\libc_nano.a(libc_a-nano-vfprintf_i.o)
 .text._printf_common
                0x080037d8       0xde C:\Users\jonat\Downloads\arm-gnu-toolchain-15.2.rel1-mingw-w64-x86_64-arm-none-eabi\arm-none-eabi\lib\thumb\v6-m\nofp\libc_nano.a(libc_a-nano-vfprintf_i.o)
                0x080037d8                _printf_common
 *fill*         0x080038b6        0x2 
 .text._printf_i
                0x080038b8      0x214 C:\Users\jonat\Downloads\arm-gnu-toolchain-15.2.rel1-mingw-w64-x86_64-arm-none-eabi\arm-none-eabi\lib\thumb\v6-m\nofp\libc_nano.a(libc_a-nano-vfprintf_i.o)
                0x080038b8                _printf_i
 .text          0x08003acc        0x0 C:\Users\jonat\Downloads\arm-gnu-toolchain-15.2.rel1-mingw-w64-x86_64-arm-none-eabi\arm-none-eabi\lib\thumb\v6-m\nofp\libc_nano.a(libc_a-fvwrite.o)
 .text.__sfvwrite_r
                0x08003acc      0x2c0 C:\Users\jonat\Downloads\arm-gnu-toolchain-15.2.rel1-mingw-w64-x86_64-arm-none-eabi\arm-none-eabi\lib\thumb\v6-m\nofp\libc_nano.a(libc_a-fvwrite.o)
                0x08003acc                __sfvwrite_r
 .text          0x08003d8c        0x0 C:\Users\jonat\Downloads\arm-gnu-toolchain-15.2.rel1-mingw-w64-x86_64-arm-none-eabi\arm-none-eabi\lib\thumb\v6-m\nofp\libc_nano.a(libc_a-makebuf.o)
 .text.__swhatbuf_r
                0x08003d8c       0x54 C:\Users\jonat\Downloads\arm-gnu-toolchain-15.2.rel1-mingw-w64-x86_64-arm-none-eabi\arm-none-eabi\lib\thumb\v6-m\nofp\libc_nano.a(libc_a-makebuf.o)
                0x08003d8c                __swhatbuf_r
 .text.__smakebuf_r
                0x08003de0       0x72 C:\Users\jonat\Downloads\arm-gnu-toolchain-15.2.rel1-mingw-w64-x86_64-arm-none-eabi\arm-none-eabi\lib\thumb\v6-m\nofp\libc_nano.a(libc_a-makebuf.o)
                0x08003de0                __smakebuf_r
 .text          0x08003e52        0x0 C:\Users\jonat\Downloads\arm-gnu-toolchain-15.2.rel1-mingw-w64-x86_64-arm-none-eabi\arm-none-eabi\lib\thumb\v6-m\nofp\libc_nano.a(libc_a-memmove.o)
 .text.memmove  0x08003e52       0x26 C:\Users\jonat\Downloads\arm-gnu-toolchain-15.2.rel1-mingw-w64-x86_64-arm-none-eabi\arm-none-eabi\lib\thumb\v6-m\nofp\libc_nano.a(libc_a-memmove.o)
                0x08003e52                memmove
 .text          0x08003e78        0x0 C:\Users\jonat\Downloads\arm-gnu-toolchain-15.2.rel1-mingw-w64-x86_64-arm-none-eabi\arm-none-eabi\lib\thumb\v6-m\nofp\libc_nano.a(libc_a-fstatr.o)
 .text._fstat_r
                0x08003e78       0x24 C:\Users\jonat\Downloads\arm-gnu-toolchain-15.2.rel1-mingw-w64-x86_64-arm-none-eabi\arm-none-eabi\lib\thumb\v6-m\nofp\libc_nano.a(libc_a-fstatr.o)
                0x08003e78                _fstat_r
 .text          0x08003e9c        0x0 C:\Users\jonat\Downloads\arm-gnu-toolchain-15.2.rel1-mingw-w64-x86_64-arm-none-eabi\arm-none-eabi\lib\thumb\v6-m\nofp\libc_nano.a(libc_a-isattyr.o)
 .text._isatty_r
                0x08003e9c       0x24 C:\Users\jonat\Downloads\arm-gnu-toolchain-15.2.rel1-mingw-w64-x86_64-arm-none-eabi\arm-none-eabi\lib\thumb\v6-m\nofp\libc_nano.a(libc_a-isattyr.o)
                0x08003e9c                _isatty_r
 .text          0x08003ec0        0x0 C:\Users\jonat\Downloads\arm-gnu-toolchain-15.2.rel1-mingw-w64-x86_64-arm-none-eabi\arm-none-eabi\lib\thumb\v6-m\nofp\libc_nano.a(libc_a-sbrkr.o)
 .text._sbrk_r  0x08003ec0       0x24 C:\Users\jonat\Downloads\arm-gnu-toolchain-15.2.rel1-mingw-w64-x86_64-arm-none-eabi\arm-none-eabi\lib\thumb\v6-m\nofp\libc_nano.a(libc_a-sbrkr.o)
                0x08003ec0                _sbrk_r
 .text          0x08003ee4        0x0 C:\Users\jonat\Downloads\arm-gnu-toolchain-15.2.rel1-mingw-w64-x86_64-arm-none-eabi\arm-none-eabi\lib\thumb\v6-m\nofp\libc_nano.a(libc_a-memchr-stub.o)
 .text.memchr   0x08003ee4       0x16 C:\Users\jonat\Downloads\arm-gnu-toolchain-15.2.rel1-mingw-w64-x86_64-arm-none-eabi\arm-none-eabi\lib\thumb\v6-m\nofp\libc_nano.a(libc_a-memchr-stub.o)
                0x08003ee4                memchr
 .text          0x08003efa        0x0 C:\Users\jonat\Downloads\arm-gnu-toolchain-15.2.rel1-mingw-w64-x86_64-arm-none-eabi\arm-none-eabi\lib\thumb\v6-m\nofp\libc_nano.a(libc_a-memcpy-stub.o)
 .text.memcpy   0x08003efa       0x12 C:\Users\jonat\Downloads\arm-gnu-toolchain-15.2.rel1-mingw-w64-x86_64-arm-none-eabi\arm-none-eabi\lib\thumb\v6-m\nofp\libc_nano.a(libc_a-memcpy-stub.o)
                0x08003efa                memcpy
 .text          0x08003f0c        0x0 C:\Users\jonat\Downloads\arm-gnu-toolchain-15.2.rel1-mingw-w64-x86_64-arm-none-eabi\arm-none-eabi\lib\thumb\v6-m\nofp\libc_nano.a(libc_a-reallocr.o)
 .text._realloc_r
                0x08003f0c       0x60 C:\Users\jonat\Downloads\arm-gnu-toolchain-15.2.rel1-mingw-w64-x86_64-arm-none-eabi\arm-none-eabi\lib\thumb\v6-m\nofp\libc_nano.a(libc_a-reallocr.o)
                0x08003f0c                _realloc_r
 .text          0x08003f6c        0x0 C:\Users\jonat\Downloads\arm-gnu-toolchain-15.2.rel1-mingw-w64-x86_64-arm-none-eabi\arm-none-eabi\lib\thumb\v6-m\nofp\libc_nano.a(libc_a-msizer.o)
 .text._malloc_usable_size_r
                0x08003f6c       0x10 C:\Users\jonat\Downloads\arm-gnu-toolchain-15.2.rel1-mingw-w64-x86_64-arm-none-eabi\arm-none-eabi\lib\thumb\v6-m\nofp\libc_nano.a(libc_a-msizer.o)
                0x08003f6c                _malloc_usable_size_r
 .text          0x08003f7c       0x14 C:\Users\jonat\Downloads\arm-gnu-toolchain-15.2.rel1-mingw-w64-x86_64-arm-none-eabi\lib\gcc\arm-none-eabi\15.2.1\thumb\v6-m\nofp\libgcc.a(_thumb1_case_shi.o)
                0x08003f7c                __gnu_thumb1_case_shi
 .text          0x08003f90      0x114 C:\Users\jonat\Downloads\arm-gnu-toolchain-15.2.rel1-mingw-w64-x86_64-arm-none-eabi\lib\gcc\arm-none-eabi\15.2.1\thumb\v6-m\nofp\libgcc.a(_udivsi3.o)
                0x08003f90                __aeabi_uidiv
                0x08003f90                __udivsi3
                0x0800409c                __aeabi_uidivmod
 *(.rodata*)
 .rodata        0x080040a4      0x2bd main.o
 *fill*         0x08004361        0x3 
 .rodata        0x08004364       0x7c startup.o
 .rodata._vfprintf_r.str1.1
                0x080043e0       0x33 C:\Users\jonat\Downloads\arm-gnu-toolchain-15.2.rel1-mingw-w64-x86_64-arm-none-eabi\arm-none-eabi\lib\thumb\v6-m\nofp\libc_nano.a(libc_a-nano-vfprintf.o)
                                 0x11 (size before relaxing)
 .rodata._printf_i.str1.1
                0x08004413        0x0 C:\Users\jonat\Downloads\arm-gnu-toolchain-15.2.rel1-mingw-w64-x86_64-arm-none-eabi\arm-none-eabi\lib\thumb\v6-m\nofp\libc_nano.a(libc_a-nano-vfprintf_i.o)
                                 0x22 (size before relaxing)
                0x08004414                        . = ALIGN (0x4)
 *fill*         0x08004413        0x1 
                0x08004414                        PROVIDE (__init_array_start = .)
 *(SORT_BY_NAME(.init_array.*))
 *(.init_array)
                0x08004414                        PROVIDE (__init_array_end = .)
                0x08004414                        . = ALIGN (0x4)
                0x08004414                        _etext = .

.glue_7         0x08004414        0x0
 .glue_7        0x08004414        0x0 linker stubs

.glue_7t        0x08004414        0x0
 .glue_7t       0x08004414        0x0 linker stubs

.vfp11_veneer   0x08004414        0x0
 .vfp11_veneer  0x08004414        0x0 linker stubs

.v4_bx          0x08004414        0x0
 .v4_bx         0x08004414        0x0 linker stubs

.iplt           0x08004414        0x0
 .iplt          0x08004414        0x0 main.o

.rel.dyn        0x08004414        0x0
 .rel.iplt      0x08004414        0x0 main.o

.data           0x20000000       0x60 load address 0x08004414
                0x20000000                        . = ALIGN (0x4)
                0x20000000                        _data = .
 *(.data*)
 .data          0x20000000        0x0 main.o
 .data          0x20000000        0x0 serial.o
 .data          0x20000000        0x0 startup.o
 .data          0x20000000        0x4 newlib_stubs.o
                0x20000000                environ
 .data          0x20000004        0x0 C:\Users\jonat\Downloads\arm-gnu-toolchain-15.2.rel1-mingw-w64-x86_64-arm-none-eabi\arm-none-eabi\lib\thumb\v6-m\nofp\libnosys.a(errno.o)
 .data          0x20000004        0x0 C:\Users\jonat\Downloads\arm-gnu-toolchain-15.2.rel1-mingw-w64-x86_64-arm-none-eabi\lib\gcc\arm-none-eabi\15.2.1\thumb\v6-m\nofp\libgcc.a(_divsi3.o)
 .data          0x20000004        0x0 C:\Users\jonat\Downloads\arm-gnu-toolchain-15.2.rel1-mingw-w64-x86_64-arm-none-eabi\lib\gcc\arm-none-eabi\15.2.1\thumb\v6-m\nofp\libgcc.a(_dvmd_tls.o)
 .data          0x20000004        0x0 C:\Users\jonat\Downloads\arm-gnu-toolchain-15.2.rel1-mingw-w64-x86_64-arm-none-eabi\arm-none-eabi\lib\thumb\v6-m\nofp\libc_nano.a(libc_a-fflush.o)
 .data          0x20000004        0x0 C:\Users\jonat\Downloads\arm-gnu-toolchain-15.2.rel1-mingw-w64-x86_64-arm-none-eabi\arm-none-eabi\lib\thumb\v6-m\nofp\libc_nano.a(libc_a-findfp.o)
 .data.__sglue  0x20000004        0xc C:\Users\jonat\Downloads\arm-gnu-toolchain-15.2.rel1-mingw-w64-x86_64-arm-none-eabi\arm-none-eabi\lib\thumb\v6-m\nofp\libc_nano.a(libc_a-findfp.o)
                0x20000004                __sglue
 .data          0x20000010        0x0 C:\Users\jonat\Downloads\arm-gnu-toolchain-15.2.rel1-mingw-w64-x86_64-arm-none-eabi\arm-none-eabi\lib\thumb\v6-m\nofp\libc_nano.a(libc_a-fwalk.o)
 .data          0x20000010        0x0 C:\Users\jonat\Downloads\arm-gnu-toolchain-15.2.rel1-mingw-w64-x86_64-arm-none-eabi\arm-none-eabi\lib\thumb\v6-m\nofp\libc_nano.a(libc_a-printf.o)
 .data          0x20000010        0x0 C:\Users\jonat\Downloads\arm-gnu-toolchain-15.2.rel1-mingw-w64-x86_64-arm-none-eabi\arm-none-eabi\lib\thumb\v6-m\nofp\libc_nano.a(libc_a-puts.o)
 .data          0x20000010        0x0 C:\Users\jonat\Downloads\arm-gnu-toolchain-15.2.rel1-mingw-w64-x86_64-arm-none-eabi\arm-none-eabi\lib\thumb\v6-m\nofp\libc_nano.a(libc_a-stdio.o)
 .data          0x20000010        0x0 C:\Users\jonat\Downloads\arm-gnu-toolchain-15.2.rel1-mingw-w64-x86_64-arm-none-eabi\arm-none-eabi\lib\thumb\v6-m\nofp\libc_nano.a(libc_a-wbuf.o)
 .data          0x20000010        0x0 C:\Users\jonat\Downloads\arm-gnu-toolchain-15.2.rel1-mingw-w64-x86_64-arm-none-eabi\arm-none-eabi\lib\thumb\v6-m\nofp\libc_nano.a(libc_a-wsetup.o)
 .data          0x20000010        0x0 C:\Users\jonat\Downloads\arm-gnu-toolchain-15.2.rel1-mingw-w64-x86_64-arm-none-eabi\arm-none-eabi\lib\thumb\v6-m\nofp\libc_nano.a(libc_a-memset.o)
 .data          0x20000010        0x0 C:\Users\jonat\Downloads\arm-gnu-toolchain-15.2.rel1-mingw-w64-x86_64-arm-none-eabi\arm-none-eabi\lib\thumb\v6-m\nofp\libc_nano.a(libc_a-closer.o)
 .data          0x20000010        0x0 C:\Users\jonat\Downloads\arm-gnu-toolchain-15.2.rel1-mingw-w64-x86_64-arm-none-eabi\arm-none-eabi\lib\thumb\v6-m\nofp\libc_nano.a(libc_a-impure.o)
 .data._impure_ptr
                0x20000010        0x4 C:\Users\jonat\Downloads\arm-gnu-toolchain-15.2.rel1-mingw-w64-x86_64-arm-none-eabi\arm-none-eabi\lib\thumb\v6-m\nofp\libc_nano.a(libc_a-impure.o)
                0x20000010                _impure_ptr
 .data._impure_data
                0x20000014       0x4c C:\Users\jonat\Downloads\arm-gnu-toolchain-15.2.rel1-mingw-w64-x86_64-arm-none-eabi\arm-none-eabi\lib\thumb\v6-m\nofp\libc_nano.a(libc_a-impure.o)
                0x20000014                _impure_data
 .data          0x20000060        0x0 C:\Users\jonat\Downloads\arm-gnu-toolchain-15.2.rel1-mingw-w64-x86_64-arm-none-eabi\arm-none-eabi\lib\thumb\v6-m\nofp\libc_nano.a(libc_a-lseekr.o)
 .data          0x20000060        0x0 C:\Users\jonat\Downloads\arm-gnu-toolchain-15.2.rel1-mingw-w64-x86_64-arm-none-eabi\arm-none-eabi\lib\thumb\v6-m\nofp\libc_nano.a(libc_a-readr.o)
 .data          0x20000060        0x0 C:\Users\jonat\Downloads\arm-gnu-toolchain-15.2.rel1-mingw-w64-x86_64-arm-none-eabi\arm-none-eabi\lib\thumb\v6-m\nofp\libc_nano.a(libc_a-writer.o)
 .data          0x20000060        0x0 C:\Users\jonat\Downloads\arm-gnu-toolchain-15.2.rel1-mingw-w64-x86_64-arm-none-eabi\arm-none-eabi\lib\thumb\v6-m\nofp\libc_nano.a(libc_a-lock.o)
 .data          0x20000060        0x0 C:\Users\jonat\Downloads\arm-gnu-toolchain-15.2.rel1-mingw-w64-x86_64-arm-none-eabi\arm-none-eabi\lib\thumb\v6-m\nofp\libc_nano.a(libc_a-freer.o)
 .data          0x20000060        0x0 C:\Users\jonat\Downloads\arm-gnu-toolchain-15.2.rel1-mingw-w64-x86_64-arm-none-eabi\arm-none-eabi\lib\thumb\v6-m\nofp\libc_nano.a(libc_a-mallocr.o)
 .data          0x20000060        0x0 C:\Users\jonat\Downloads\arm-gnu-toolchain-15.2.rel1-mingw-w64-x86_64-arm-none-eabi\arm-none-eabi\lib\thumb\v6-m\nofp\libc_nano.a(libc_a-mlock.o)
 .data          0x20000060        0x0 C:\Users\jonat\Downloads\arm-gnu-toolchain-15.2.rel1-mingw-w64-x86_64-arm-none-eabi\arm-none-eabi\lib\thumb\v6-m\nofp\libc_nano.a(libc_a-nano-vfprintf.o)
 .data          0x20000060        0x0 C:\Users\jonat\Downloads\arm-gnu-toolchain-15.2.rel1-mingw-w64-x86_64-arm-none-eabi\arm-none-eabi\lib\thumb\v6-m\nofp\libc_nano.a(libc_a-nano-vfprintf_i.o)
 .data          0x20000060        0x0 C:\Users\jonat\Downloads\arm-gnu-toolchain-15.2.rel1-mingw-w64-x86_64-arm-none-eabi\arm-none-eabi\lib\thumb\v6-m\nofp\libc_nano.a(libc_a-fvwrite.o)
 .data          0x20000060        0x0 C:\Users\jonat\Downloads\arm-gnu-toolchain-15.2.rel1-mingw-w64-x86_64-arm-none-eabi\arm-none-eabi\lib\thumb\v6-m\nofp\libc_nano.a(libc_a-makebuf.o)
 .data          0x20000060        0x0 C:\Users\jonat\Downloads\arm-gnu-toolchain-15.2.rel1-mingw-w64-x86_64-arm-none-eabi\arm-none-eabi\lib\thumb\v6-m\nofp\libc_nano.a(libc_a-memmove.o)
 .data          0x20000060        0x0 C:\Users\jonat\Downloads\arm-gnu-toolchain-15.2.rel1-mingw-w64-x86_64-arm-none-eabi\arm-none-eabi\lib\thumb\v6-m\nofp\libc_nano.a(libc_a-fstatr.o)
 .data          0x20000060        0x0 C:\Users\jonat\Downloads\arm-gnu-toolchain-15.2.rel1-mingw-w64-x86_64-arm-none-eabi\arm-none-eabi\lib\thumb\v6-m\nofp\libc_nano.a(libc_a-isattyr.o)
 .data          0x20000060        0x0 C:\Users\jonat\Downloads\arm-gnu-toolchain-15.2.rel1-mingw-w64-x86_64-arm-none-eabi\arm-none-eabi\lib\thumb\v6-m\nofp\libc_nano.a(libc_a-sbrkr.o)
 .data          0x20000060        0x0 C:\Users\jonat\Downloads\arm-gnu-toolchain-15.2.rel1-mingw-w64-x86_64-arm-none-eabi\arm-none-eabi\lib\thumb\v6-m\nofp\libc_nano.a(libc_a-memchr-stub.o)
 .data          0x20000060        0x0 C:\Users\jonat\Downloads\arm-gnu-toolchain-15.2.rel1-mingw-w64-x86_64-arm-none-eabi\arm-none-eabi\lib\thumb\v6-m\nofp\libc_nano.a(libc_a-memcpy-stub.o)
 .data          0x20000060        0x0 C:\Users\jonat\Downloads\arm-gnu-toolchain-15.2.rel1-mingw-w64-x86_64-arm-none-eabi\arm-none-eabi\lib\thumb\v6-m\nofp\libc_nano.a(libc_a-reallocr.o)
 .data          0x20000060        0x0 C:\Users\jonat\Downloads\arm-gnu-toolchain-15.2.rel1-mingw-w64-x86_64-arm-none-eabi\arm-none-eabi\lib\thumb\v6-m\nofp\libc_nano.a(libc_a-msizer.o)
 .data          0x20000060        0x0 C:\Users\jonat\Downloads\arm-gnu-toolchain-15.2.rel1-mingw-w64-x86_64-arm-none-eabi\lib\gcc\arm-none-eabi\15.2.1\thumb\v6-m\nofp\libgcc.a(_thumb1_case_shi.o)
 .data          0x20000060        0x0 C:\Users\jonat\Downloads\arm-gnu-toolchain-15.2.rel1-mingw-w64-x86_64-arm-none-eabi\lib\gcc\arm-none-eabi\15.2.1\thumb\v6-m\nofp\libgcc.a(_udivsi3.o)
                0x20000060                        . = ALIGN (0x4)
                0x20000060                        _edata = .

.igot.plt       0x20000060        0x0 load address 0x08004474
 .igot.plt      0x20000060        0x0 main.o

.bss            0x20000060      0x204 load address 0x08004474
                0x20000060                        _bss = .
 *(.bss*)
 .bss           0x20000060        0x8 main.o
 .bss           0x20000068       0xa4 serial.o
                0x20000068                ComRXBuffer
                0x200000b4                ComTXBuffer
                0x20000100                ComOpen
                0x20000104                ComError
                0x20000108                ComBusy
 .bss           0x2000010c        0x0 startup.o
 .bss           0x2000010c        0x8 newlib_stubs.o
                0x2000010c                __env
 .bss           0x20000114        0x0 C:\Users\jonat\Downloads\arm-gnu-toolchain-15.2.rel1-mingw-w64-x86_64-arm-none-eabi\arm-none-eabi\lib\thumb\v6-m\nofp\libnosys.a(errno.o)
 .bss.errno     0x20000114        0x4 C:\Users\jonat\Downloads\arm-gnu-toolchain-15.2.rel1-mingw-w64-x86_64-arm-none-eabi\arm-none-eabi\lib\thumb\v6-m\nofp\libnosys.a(errno.o)
                0x20000114                errno
 .bss           0x20000118        0x0 C:\Users\jonat\Downloads\arm-gnu-toolchain-15.2.rel1-mingw-w64-x86_64-arm-none-eabi\lib\gcc\arm-none-eabi\15.2.1\thumb\v6-m\nofp\libgcc.a(_divsi3.o)
 .bss           0x20000118        0x0 C:\Users\jonat\Downloads\arm-gnu-toolchain-15.2.rel1-mingw-w64-x86_64-arm-none-eabi\lib\gcc\arm-none-eabi\15.2.1\thumb\v6-m\nofp\libgcc.a(_dvmd_tls.o)
 .bss           0x20000118        0x0 C:\Users\jonat\Downloads\arm-gnu-toolchain-15.2.rel1-mingw-w64-x86_64-arm-none-eabi\arm-none-eabi\lib\thumb\v6-m\nofp\libc_nano.a(libc_a-fflush.o)
 .bss           0x20000118        0x0 C:\Users\jonat\Downloads\arm-gnu-toolchain-15.2.rel1-mingw-w64-x86_64-arm-none-eabi\arm-none-eabi\lib\thumb\v6-m\nofp\libc_nano.a(libc_a-findfp.o)
 .bss.__sf      0x20000118      0x138 C:\Users\jonat\Downloads\arm-gnu-toolchain-15.2.rel1-mingw-w64-x86_64-arm-none-eabi\arm-none-eabi\lib\thumb\v6-m\nofp\libc_nano.a(libc_a-findfp.o)
                0x20000118                __sf
 .bss.__stdio_exit_handler
                0x20000250        0x4 C:\Users\jonat\Downloads\arm-gnu-toolchain-15.2.rel1-mingw-w64-x86_64-arm-none-eabi\arm-none-eabi\lib\thumb\v6-m\nofp\libc_nano.a(libc_a-findfp.o)
                0x20000250                __stdio_exit_handler
 .bss           0x20000254        0x0 C:\Users\jonat\Downloads\arm-gnu-toolchain-15.2.rel1-mingw-w64-x86_64-arm-none-eabi\arm-none-eabi\lib\thumb\v6-m\nofp\libc_nano.a(libc_a-fwalk.o)
 .bss           0x20000254        0x0 C:\Users\jonat\Downloads\arm-gnu-toolchain-15.2.rel1-mingw-w64-x86_64-arm-none-eabi\arm-none-eabi\lib\thumb\v6-m\nofp\libc_nano.a(libc_a-printf.o)
 .bss           0x20000254        0x0 C:\Users\jonat\Downloads\arm-gnu-toolchain-15.2.rel1-mingw-w64-x86_64-arm-none-eabi\arm-none-eabi\lib\thumb\v6-m\nofp\libc_nano.a(libc_a-puts.o)
 .bss           0x20000254        0x0 C:\Users\jonat\Downloads\arm-gnu-toolchain-15.2.rel1-mingw-w64-x86_64-arm-none-eabi\arm-none-eabi\lib\thumb\v6-m\nofp\libc_nano.a(libc_a-stdio.o)
 .bss           0x20000254        0x0 C:\Users\jonat\Downloads\arm-gnu-toolchain-15.2.rel1-mingw-w64-x86_64-arm-none-eabi\arm-none-eabi\lib\thumb\v6-m\nofp\libc_nano.a(libc_a-wbuf.o)
 .bss           0x20000254        0x0 C:\Users\jonat\Downloads\arm-gnu-toolchain-15.2.rel1-mingw-w64-x86_64-arm-none-eabi\arm-none-eabi\lib\thumb\v6-m\nofp\libc_nano.a(libc_a-wsetup.o)
 .bss           0x20000254        0x0 C:\Users\jonat\Downloads\arm-gnu-toolchain-15.2.rel1-mingw-w64-x86_64-arm-none-eabi\arm-none-eabi\lib\thumb\v6-m\nofp\libc_nano.a(libc_a-memset.o)
 .bss           0x20000254        0x0 C:\Users\jonat\Downloads\arm-gnu-toolchain-15.2.rel1-mingw-w64-x86_64-arm-none-eabi\arm-none-eabi\lib\thumb\v6-m\nofp\libc_nano.a(libc_a-closer.o)
 .bss           0x20000254        0x0 C:\Users\jonat\Downloads\arm-gnu-toolchain-15.2.rel1-mingw-w64-x86_64-arm-none-eabi\arm-none-eabi\lib\thumb\v6-m\nofp\libc_nano.a(libc_a-impure.o)
 .bss           0x20000254        0x0 C:\Users\jonat\Downloads\arm-gnu-toolchain-15.2.rel1-mingw-w64-x86_64-arm-none-eabi\arm-none-eabi\lib\thumb\v6-m\nofp\libc_nano.a(libc_a-lseekr.o)
 .bss           0x20000254        0x0 C:\Users\jonat\Downloads\arm-gnu-toolchain-15.2.rel1-mingw-w64-x86_64-arm-none-eabi\arm-none-eabi\lib\thumb\v6-m\nofp\libc_nano.a(libc_a-readr.o)
 .bss           0x20000254        0x0 C:\Users\jonat\Downloads\arm-gnu-toolchain-15.2.rel1-mingw-w64-x86_64-arm-none-eabi\arm-none-eabi\lib\thumb\v6-m\nofp\libc_nano.a(libc_a-writer.o)
 .bss           0x20000254        0x0 C:\Users\jonat\Downloads\arm-gnu-toolchain-15.2.rel1-mingw-w64-x86_64-arm-none-eabi\arm-none-eabi\lib\thumb\v6-m\nofp\libc_nano.a(libc_a-lock.o)
 .bss.__lock___arc4random_mutex
                0x20000254        0x1 C:\Users\jonat\Downloads\arm-gnu-toolchain-15.2.rel1-mingw-w64-x86_64-arm-none-eabi\arm-none-eabi\lib\thumb\v6-m\nofp\libc_nano.a(libc_a-lock.o)
                0x20000254                __lock___arc4random_mutex
 .bss.__lock___dd_hash_mutex
                0x20000255        0x1 C:\Users\jonat\Downloads\arm-gnu-toolchain-15.2.rel1-mingw-w64-x86_64-arm-none-eabi\arm-none-eabi\lib\thumb\v6-m\nofp\libc_nano.a(libc_a-lock.o)
                0x20000255                __lock___dd_hash_mutex
 .bss.__lock___tz_mutex
                0x20000256        0x1 C:\Users\jonat\Downloads\arm-gnu-toolchain-15.2.rel1-mingw-w64-x86_64-arm-none-eabi\arm-none-eabi\lib\thumb\v6-m\nofp\libc_nano.a(libc_a-lock.o)
                0x20000256                __lock___tz_mutex
 .bss.__lock___env_recursive_mutex
                0x20000257        0x1 C:\Users\jonat\Downloads\arm-gnu-toolchain-15.2.rel1-mingw-w64-x86_64-arm-none-eabi\arm-none-eabi\lib\thumb\v6-m\nofp\libc_nano.a(libc_a-lock.o)
                0x20000257                __lock___env_recursive_mutex
 .bss.__lock___malloc_recursive_mutex
                0x20000258        0x1 C:\Users\jonat\Downloads\arm-gnu-toolchain-15.2.rel1-mingw-w64-x86_64-arm-none-eabi\arm-none-eabi\lib\thumb\v6-m\nofp\libc_nano.a(libc_a-lock.o)
                0x20000258                __lock___malloc_recursive_mutex
 .bss.__lock___at_quick_exit_mutex
                0x20000259        0x1 C:\Users\jonat\Downloads\arm-gnu-toolchain-15.2.rel1-mingw-w64-x86_64-arm-none-eabi\arm-none-eabi\lib\thumb\v6-m\nofp\libc_nano.a(libc_a-lock.o)
                0x20000259                __lock___at_quick_exit_mutex
 .bss.__lock___atexit_recursive_mutex
                0x2000025a        0x1 C:\Users\jonat\Downloads\arm-gnu-toolchain-15.2.rel1-mingw-w64-x86_64-arm-none-eabi\arm-none-eabi\lib\thumb\v6-m\nofp\libc_nano.a(libc_a-lock.o)
                0x2000025a                __lock___atexit_recursive_mutex
 .bss.__lock___sfp_recursive_mutex
                0x2000025b        0x1 C:\Users\jonat\Downloads\arm-gnu-toolchain-15.2.rel1-mingw-w64-x86_64-arm-none-eabi\arm-none-eabi\lib\thumb\v6-m\nofp\libc_nano.a(libc_a-lock.o)
                0x2000025b                __lock___sfp_recursive_mutex
 .bss           0x2000025c        0x0 C:\Users\jonat\Downloads\arm-gnu-toolchain-15.2.rel1-mingw-w64-x86_64-arm-none-eabi\arm-none-eabi\lib\thumb\v6-m\nofp\libc_nano.a(libc_a-freer.o)
 .bss           0x2000025c        0x0 C:\Users\jonat\Downloads\arm-gnu-toolchain-15.2.rel1-mingw-w64-x86_64-arm-none-eabi\arm-none-eabi\lib\thumb\v6-m\nofp\libc_nano.a(libc_a-mallocr.o)
 .bss.__malloc_sbrk_start
                0x2000025c        0x4 C:\Users\jonat\Downloads\arm-gnu-toolchain-15.2.rel1-mingw-w64-x86_64-arm-none-eabi\arm-none-eabi\lib\thumb\v6-m\nofp\libc_nano.a(libc_a-mallocr.o)
                0x2000025c                __malloc_sbrk_start
 .bss.__malloc_free_list
                0x20000260        0x4 C:\Users\jonat\Downloads\arm-gnu-toolchain-15.2.rel1-mingw-w64-x86_64-arm-none-eabi\arm-none-eabi\lib\thumb\v6-m\nofp\libc_nano.a(libc_a-mallocr.o)
                0x20000260                __malloc_free_list
 .bss           0x20000264        0x0 C:\Users\jonat\Downloads\arm-gnu-toolchain-15.2.rel1-mingw-w64-x86_64-arm-none-eabi\arm-none-eabi\lib\thumb\v6-m\nofp\libc_nano.a(libc_a-mlock.o)
 .bss           0x20000264        0x0 C:\Users\jonat\Downloads\arm-gnu-toolchain-15.2.rel1-mingw-w64-x86_64-arm-none-eabi\arm-none-eabi\lib\thumb\v6-m\nofp\libc_nano.a(libc_a-nano-vfprintf.o)
 .bss           0x20000264        0x0 C:\Users\jonat\Downloads\arm-gnu-toolchain-15.2.rel1-mingw-w64-x86_64-arm-none-eabi\arm-none-eabi\lib\thumb\v6-m\nofp\libc_nano.a(libc_a-nano-vfprintf_i.o)
 .bss           0x20000264        0x0 C:\Users\jonat\Downloads\arm-gnu-toolchain-15.2.rel1-mingw-w64-x86_64-arm-none-eabi\arm-none-eabi\lib\thumb\v6-m\nofp\libc_nano.a(libc_a-fvwrite.o)
 .bss           0x20000264        0x0 C:\Users\jonat\Downloads\arm-gnu-toolchain-15.2.rel1-mingw-w64-x86_64-arm-none-eabi\arm-none-eabi\lib\thumb\v6-m\nofp\libc_nano.a(libc_a-makebuf.o)
 .bss           0x20000264        0x0 C:\Users\jonat\Downloads\arm-gnu-toolchain-15.2.rel1-mingw-w64-x86_64-arm-none-eabi\arm-none-eabi\lib\thumb\v6-m\nofp\libc_nano.a(libc_a-memmove.o)
 .bss           0x20000264        0x0 C:\Users\jonat\Downloads\arm-gnu-toolchain-15.2.rel1-mingw-w64-x86_64-arm-none-eabi\arm-none-eabi\lib\thumb\v6-m\nofp\libc_nano.a(libc_a-fstatr.o)
 .bss           0x20000264        0x0 C:\Users\jonat\Downloads\arm-gnu-toolchain-15.2.rel1-mingw-w64-x86_64-arm-none-eabi\arm-none-eabi\lib\thumb\v6-m\nofp\libc_nano.a(libc_a-isattyr.o)
 .bss           0x20000264        0x0 C:\Users\jonat\Downloads\arm-gnu-toolchain-15.2.rel1-mingw-w64-x86_64-arm-none-eabi\arm-none-eabi\lib\thumb\v6-m\nofp\libc_nano.a(libc_a-sbrkr.o)
 .bss           0x20000264        0x0 C:\Users\jonat\Downloads\arm-gnu-toolchain-15.2.rel1-mingw-w64-x86_64-arm-none-eabi\arm-none-eabi\lib\thumb\v6-m\nofp\libc_nano.a(libc_a-memchr-stub.o)
 .bss           0x20000264        0x0 C:\Users\jonat\Downloads\arm-gnu-toolchain-15.2.rel1-mingw-w64-x86_64-arm-none-eabi\arm-none-eabi\lib\thumb\v6-m\nofp\libc_nano.a(libc_a-memcpy-stub.o)
 .bss           0x20000264        0x0 C:\Users\jonat\Downloads\arm-gnu-toolchain-15.2.rel1-mingw-w64-x86_64-arm-none-eabi\arm-none-eabi\lib\thumb\v6-m\nofp\libc_nano.a(libc_a-reallocr.o)
 .bss           0x20000264        0x0 C:\Users\jonat\Downloads\arm-gnu-toolchain-15.2.rel1-mingw-w64-x86_64-arm-none-eabi\arm-none-eabi\lib\thumb\v6-m\nofp\libc_nano.a(libc_a-msizer.o)
 .bss           0x20000264        0x0 C:\Users\jonat\Downloads\arm-gnu-toolchain-15.2.rel1-mingw-w64-x86_64-arm-none-eabi\lib\gcc\arm-none-eabi\15.2.1\thumb\v6-m\nofp\libgcc.a(_thumb1_case_shi.o)
 .bss           0x20000264        0x0 C:\Users\jonat\Downloads\arm-gnu-toolchain-15.2.rel1-mingw-w64-x86_64-arm-none-eabi\lib\gcc\arm-none-eabi\15.2.1\thumb\v6-m\nofp\libgcc.a(_udivsi3.o)
 *(COMMON)
                0x20000264                        . = ALIGN (0x4)
                0x20000264                        _ebss = .
                [!provide]                        PROVIDE (end = .)
                0x20000264                        PROVIDE (_HeapStart = .)
                0x20002000                        PROVIDE (_StackTop = (ORIGIN (ram) + LENGTH (ram)))
OUTPUT(main.elf elf32-littlearm)
LOAD linker stubs

.debug_info     0x00000000     0x2764
 .debug_info    0x00000000     0x1522 main.o
 .debug_info    0x00001522      0x7a3 serial.o
 .debug_info    0x00001cc5      0x396 startup.o
 .debug_info    0x0000205b      0x709 newlib_stubs.o

.debug_abbrev   0x00000000      0x8e4
 .debug_abbrev  0x00000000      0x353 main.o
 .debug_abbrev  0x00000353      0x20e serial.o
 .debug_abbrev  0x00000561      0x1c8 startup.o
 .debug_abbrev  0x00000729      0x1bb newlib_stubs.o

.debug_aranges  0x00000000       0x88
 .debug_aranges
                0x00000000       0x20 main.o
 .debug_aranges
                0x00000020       0x20 serial.o
 .debug_aranges
                0x00000040       0x28 startup.o
 .debug_aranges
                0x00000068       0x20 newlib_stubs.o

.debug_line     0x00000000     0x1a44
 .debug_line    0x00000000      0xf0e main.o
 .debug_line    0x00000f0e      0x546 serial.o
 .debug_line    0x00001454      0x2e7 startup.o
 .debug_line    0x0000173b      0x309 newlib_stubs.o

.debug_str      0x00000000      0xe60
 .debug_str     0x00000000      0xe60 main.o
                                0xaf6 (size before relaxing)
 .debug_str     0x00000e60        0x0 serial.o
                                0x395 (size before relaxing)
 .debug_str     0x00000e60        0x0 startup.o
                                0x2d6 (size before relaxing)
 .debug_str     0x00000e60        0x0 newlib_stubs.o
                                0x3c7 (size before relaxing)

.comment        0x00000000       0x45
 .comment       0x00000000       0x45 main.o
                                 0x46 (size before relaxing)
 .comment       0x00000045        0x0 serial.o
                                 0x46 (size before relaxing)
 .comment       0x00000045        0x0 startup.o
                                 0x46 (size before relaxing)
 .comment       0x00000045        0x0 newlib_stubs.o
                                 0x46 (size before relaxing)

.ARM.attributes
                0x00000000       0x2c
 .ARM.attributes
                0x00000000       0x2c main.o
 .ARM.attributes
                0x0000002c       0x2c serial.o
 .ARM.attributes
                0x00000058       0x2c startup.o
 .ARM.attributes
                0x00000084       0x2c newlib_stubs.o
 .ARM.attributes
                0x000000b0       0x2c C:\Users\jonat\Downloads\arm-gnu-toolchain-15.2.rel1-mingw-w64-x86_64-arm-none-eabi\arm-none-eabi\lib\thumb\v6-m\nofp\libnosys.a(errno.o)
 .ARM.attributes
                0x000000dc       0x1e C:\Users\jonat\Downloads\arm-gnu-toolchain-15.2.rel1-mingw-w64-x86_64-arm-none-eabi\lib\gcc\arm-none-eabi\15.2.1\thumb\v6-m\nofp\libgcc.a(_divsi3.o)
 .ARM.attributes
                0x000000fa       0x1e C:\Users\jonat\Downloads\arm-gnu-toolchain-15.2.rel1-mingw-w64-x86_64-arm-none-eabi\lib\gcc\arm-none-eabi\15.2.1\thumb\v6-m\nofp\libgcc.a(_dvmd_tls.o)
 .ARM.attributes
                0x00000118       0x2c C:\Users\jonat\Downloads\arm-gnu-toolchain-15.2.rel1-mingw-w64-x86_64-arm-none-eabi\arm-none-eabi\lib\thumb\v6-m\nofp\libc_nano.a(libc_a-fflush.o)
 .ARM.attributes
                0x00000144       0x2c C:\Users\jonat\Downloads\arm-gnu-toolchain-15.2.rel1-mingw-w64-x86_64-arm-none-eabi\arm-none-eabi\lib\thumb\v6-m\nofp\libc_nano.a(libc_a-findfp.o)
 .ARM.attributes
                0x00000170       0x2c C:\Users\jonat\Downloads\arm-gnu-toolchain-15.2.rel1-mingw-w64-x86_64-arm-none-eabi\arm-none-eabi\lib\thumb\v6-m\nofp\libc_nano.a(libc_a-fwalk.o)
 .ARM.attributes
                0x0000019c       0x2c C:\Users\jonat\Downloads\arm-gnu-toolchain-15.2.rel1-mingw-w64-x86_64-arm-none-eabi\arm-none-eabi\lib\thumb\v6-m\nofp\libc_nano.a(libc_a-printf.o)
 .ARM.attributes
                0x000001c8       0x2c C:\Users\jonat\Downloads\arm-gnu-toolchain-15.2.rel1-mingw-w64-x86_64-arm-none-eabi\arm-none-eabi\lib\thumb\v6-m\nofp\libc_nano.a(libc_a-puts.o)
 .ARM.attributes
                0x000001f4       0x2c C:\Users\jonat\Downloads\arm-gnu-toolchain-15.2.rel1-mingw-w64-x86_64-arm-none-eabi\arm-none-eabi\lib\thumb\v6-m\nofp\libc_nano.a(libc_a-stdio.o)
 .ARM.attributes
                0x00000220       0x2c C:\Users\jonat\Downloads\arm-gnu-toolchain-15.2.rel1-mingw-w64-x86_64-arm-none-eabi\arm-none-eabi\lib\thumb\v6-m\nofp\libc_nano.a(libc_a-wbuf.o)
 .ARM.attributes
                0x0000024c       0x2c C:\Users\jonat\Downloads\arm-gnu-toolchain-15.2.rel1-mingw-w64-x86_64-arm-none-eabi\arm-none-eabi\lib\thumb\v6-m\nofp\libc_nano.a(libc_a-wsetup.o)
 .ARM.attributes
                0x00000278       0x2c C:\Users\jonat\Downloads\arm-gnu-toolchain-15.2.rel1-mingw-w64-x86_64-arm-none-eabi\arm-none-eabi\lib\thumb\v6-m\nofp\libc_nano.a(libc_a-memset.o)
 .ARM.attributes
                0x000002a4       0x2c C:\Users\jonat\Downloads\arm-gnu-toolchain-15.2.rel1-mingw-w64-x86_64-arm-none-eabi\arm-none-eabi\lib\thumb\v6-m\nofp\libc_nano.a(libc_a-closer.o)
 .ARM.attributes
                0x000002d0       0x2c C:\Users\jonat\Downloads\arm-gnu-toolchain-15.2.rel1-mingw-w64-x86_64-arm-none-eabi\arm-none-eabi\lib\thumb\v6-m\nofp\libc_nano.a(libc_a-impure.o)
 .ARM.attributes
                0x000002fc       0x2c C:\Users\jonat\Downloads\arm-gnu-toolchain-15.2.rel1-mingw-w64-x86_64-arm-none-eabi\arm-none-eabi\lib\thumb\v6-m\nofp\libc_nano.a(libc_a-lseekr.o)
 .ARM.attributes
                0x00000328       0x2c C:\Users\jonat\Downloads\arm-gnu-toolchain-15.2.rel1-mingw-w64-x86_64-arm-none-eabi\arm-none-eabi\lib\thumb\v6-m\nofp\libc_nano.a(libc_a-readr.o)
 .ARM.attributes
                0x00000354       0x2c C:\Users\jonat\Downloads\arm-gnu-toolchain-15.2.rel1-mingw-w64-x86_64-arm-none-eabi\arm-none-eabi\lib\thumb\v6-m\nofp\libc_nano.a(libc_a-writer.o)
 .ARM.attributes
                0x00000380       0x2c C:\Users\jonat\Downloads\arm-gnu-toolchain-15.2.rel1-mingw-w64-x86_64-arm-none-eabi\arm-none-eabi\lib\thumb\v6-m\nofp\libc_nano.a(libc_a-lock.o)
 .ARM.attributes
                0x000003ac       0x2c C:\Users\jonat\Downloads\arm-gnu-toolchain-15.2.rel1-mingw-w64-x86_64-arm-none-eabi\arm-none-eabi\lib\thumb\v6-m\nofp\libc_nano.a(libc_a-freer.o)
 .ARM.attributes
                0x000003d8       0x2c C:\Users\jonat\Downloads\arm-gnu-toolchain-15.2.rel1-mingw-w64-x86_64-arm-none-eabi\arm-none-eabi\lib\thumb\v6-m\nofp\libc_nano.a(libc_a-mallocr.o)
 .ARM.attributes
                0x00000404       0x2c C:\Users\jonat\Downloads\arm-gnu-toolchain-15.2.rel1-mingw-w64-x86_64-arm-none-eabi\arm-none-eabi\lib\thumb\v6-m\nofp\libc_nano.a(libc_a-mlock.o)
 .ARM.attributes
                0x00000430       0x2c C:\Users\jonat\Downloads\arm-gnu-toolchain-15.2.rel1-mingw-w64-x86_64-arm-none-eabi\arm-none-eabi\lib\thumb\v6-m\nofp\libc_nano.a(libc_a-nano-vfprintf.o)
 .ARM.attributes
                0x0000045c       0x2c C:\Users\jonat\Downloads\arm-gnu-toolchain-15.2.rel1-mingw-w64-x86_64-arm-none-eabi\arm-none-eabi\lib\thumb\v6-m\nofp\libc_nano.a(libc_a-nano-vfprintf_i.o)
 .ARM.attributes
                0x00000488       0x2c C:\Users\jonat\Downloads\arm-gnu-toolchain-15.2.rel1-mingw-w64-x86_64-arm-none-eabi\arm-none-eabi\lib\thumb\v6-m\nofp\libc_nano.a(libc_a-fvwrite.o)
 .ARM.attributes
                0x000004b4       0x2c C:\Users\jonat\Downloads\arm-gnu-toolchain-15.2.rel1-mingw-w64-x86_64-arm-none-eabi\arm-none-eabi\lib\thumb\v6-m\nofp\libc_nano.a(libc_a-makebuf.o)
 .ARM.attributes
                0x000004e0       0x2c C:\Users\jonat\Downloads\arm-gnu-toolchain-15.2.rel1-mingw-w64-x86_64-arm-none-eabi\arm-none-eabi\lib\thumb\v6-m\nofp\libc_nano.a(libc_a-memmove.o)
 .ARM.attributes
                0x0000050c       0x2c C:\Users\jonat\Downloads\arm-gnu-toolchain-15.2.rel1-mingw-w64-x86_64-arm-none-eabi\arm-none-eabi\lib\thumb\v6-m\nofp\libc_nano.a(libc_a-fstatr.o)
 .ARM.attributes
                0x00000538       0x2c C:\Users\jonat\Downloads\arm-gnu-toolchain-15.2.rel1-mingw-w64-x86_64-arm-none-eabi\arm-none-eabi\lib\thumb\v6-m\nofp\libc_nano.a(libc_a-isattyr.o)
 .ARM.attributes
                0x00000564       0x2c C:\Users\jonat\Downloads\arm-gnu-toolchain-15.2.rel1-mingw-w64-x86_64-arm-none-eabi\arm-none-eabi\lib\thumb\v6-m\nofp\libc_nano.a(libc_a-sbrkr.o)
 .ARM.attributes
                0x00000590       0x2c C:\Users\jonat\Downloads\arm-gnu-toolchain-15.2.rel1-mingw-w64-x86_64-arm-none-eabi\arm-none-eabi\lib\thumb\v6-m\nofp\libc_nano.a(libc_a-memchr-stub.o)
 .ARM.attributes
                0x000005bc       0x2c C:\Users\jonat\Downloads\arm-gnu-toolchain-15.2.rel1-mingw-w64-x86_64-arm-none-eabi\arm-none-eabi\lib\thumb\v6-m\nofp\libc_nano.a(libc_a-memcpy-stub.o)
 .ARM.attributes
                0x000005e8       0x2c C:\Users\jonat\Downloads\arm-gnu-toolchain-15.2.rel1-mingw-w64-x86_64-arm-none-eabi\arm-none-eabi\lib\thumb\v6-m\nofp\libc_nano.a(libc_a-reallocr.o)
 .ARM.attributes
                0x00000614       0x2c C:\Users\jonat\Downloads\arm-gnu-toolchain-15.2.rel1-mingw-w64-x86_64-arm-none-eabi\arm-none-eabi\lib\thumb\v6-m\nofp\libc_nano.a(libc_a-msizer.o)
 .ARM.attributes
                0x00000640       0x1e C:\Users\jonat\Downloads\arm-gnu-toolchain-15.2.rel1-mingw-w64-x86_64-arm-none-eabi\lib\gcc\arm-none-eabi\15.2.1\thumb\v6-m\nofp\libgcc.a(_thumb1_case_shi.o)
 .ARM.attributes
                0x0000065e       0x1e C:\Users\jonat\Downloads\arm-gnu-toolchain-15.2.rel1-mingw-w64-x86_64-arm-none-eabi\lib\gcc\arm-none-eabi\15.2.1\thumb\v6-m\nofp\libgcc.a(_udivsi3.o)

.debug_frame    0x00000000     0x1248
 .debug_frame   0x00000000      0x504 main.o
 .debug_frame   0x00000504      0x1e8 serial.o
 .debug_frame   0x000006ec       0x94 startup.o
 .debug_frame   0x00000780      0x228 newlib_stubs.o
 .debug_frame   0x000009a8       0x20 C:\Users\jonat\Downloads\arm-gnu-toolchain-15.2.rel1-mingw-w64-x86_64-arm-none-eabi\lib\gcc\arm-none-eabi\15.2.1\thumb\v6-m\nofp\libgcc.a(_divsi3.o)
 .debug_frame   0x000009c8       0x68 C:\Users\jonat\Downloads\arm-gnu-toolchain-15.2.rel1-mingw-w64-x86_64-arm-none-eabi\arm-none-eabi\lib\thumb\v6-m\nofp\libc_nano.a(libc_a-fflush.o)
 .debug_frame   0x00000a30      0x138 C:\Users\jonat\Downloads\arm-gnu-toolchain-15.2.rel1-mingw-w64-x86_64-arm-none-eabi\arm-none-eabi\lib\thumb\v6-m\nofp\libc_nano.a(libc_a-findfp.o)
 .debug_frame   0x00000b68       0x34 C:\Users\jonat\Downloads\arm-gnu-toolchain-15.2.rel1-mingw-w64-x86_64-arm-none-eabi\arm-none-eabi\lib\thumb\v6-m\nofp\libc_nano.a(libc_a-fwalk.o)
 .debug_frame   0x00000b9c       0x4c C:\Users\jonat\Downloads\arm-gnu-toolchain-15.2.rel1-mingw-w64-x86_64-arm-none-eabi\arm-none-eabi\lib\thumb\v6-m\nofp\libc_nano.a(libc_a-printf.o)
 .debug_frame   0x00000be8       0x44 C:\Users\jonat\Downloads\arm-gnu-toolchain-15.2.rel1-mingw-w64-x86_64-arm-none-eabi\arm-none-eabi\lib\thumb\v6-m\nofp\libc_nano.a(libc_a-puts.o)
 .debug_frame   0x00000c2c       0x90 C:\Users\jonat\Downloads\arm-gnu-toolchain-15.2.rel1-mingw-w64-x86_64-arm-none-eabi\arm-none-eabi\lib\thumb\v6-m\nofp\libc_nano.a(libc_a-stdio.o)
 .debug_frame   0x00000cbc       0x48 C:\Users\jonat\Downloads\arm-gnu-toolchain-15.2.rel1-mingw-w64-x86_64-arm-none-eabi\arm-none-eabi\lib\thumb\v6-m\nofp\libc_nano.a(libc_a-wbuf.o)
 .debug_frame   0x00000d04       0x2c C:\Users\jonat\Downloads\arm-gnu-toolchain-15.2.rel1-mingw-w64-x86_64-arm-none-eabi\arm-none-eabi\lib\thumb\v6-m\nofp\libc_nano.a(libc_a-wsetup.o)
 .debug_frame   0x00000d30       0x20 C:\Users\jonat\Downloads\arm-gnu-toolchain-15.2.rel1-mingw-w64-x86_64-arm-none-eabi\arm-none-eabi\lib\thumb\v6-m\nofp\libc_nano.a(libc_a-memset.o)
 .debug_frame   0x00000d50       0x2c C:\Users\jonat\Downloads\arm-gnu-toolchain-15.2.rel1-mingw-w64-x86_64-arm-none-eabi\arm-none-eabi\lib\thumb\v6-m\nofp\libc_nano.a(libc_a-closer.o)
 .debug_frame   0x00000d7c       0x2c C:\Users\jonat\Downloads\arm-gnu-toolchain-15.2.rel1-mingw-w64-x86_64-arm-none-eabi\arm-none-eabi\lib\thumb\v6-m\nofp\libc_nano.a(libc_a-lseekr.o)
 .debug_frame   0x00000da8       0x2c C:\Users\jonat\Downloads\arm-gnu-toolchain-15.2.rel1-mingw-w64-x86_64-arm-none-eabi\arm-none-eabi\lib\thumb\v6-m\nofp\libc_nano.a(libc_a-readr.o)
 .debug_frame   0x00000dd4       0x2c C:\Users\jonat\Downloads\arm-gnu-toolchain-15.2.rel1-mingw-w64-x86_64-arm-none-eabi\arm-none-eabi\lib\thumb\v6-m\nofp\libc_nano.a(libc_a-writer.o)
 .debug_frame   0x00000e00       0xb0 C:\Users\jonat\Downloads\arm-gnu-toolchain-15.2.rel1-mingw-w64-x86_64-arm-none-eabi\arm-none-eabi\lib\thumb\v6-m\nofp\libc_nano.a(libc_a-lock.o)
 .debug_frame   0x00000eb0       0x2c C:\Users\jonat\Downloads\arm-gnu-toolchain-15.2.rel1-mingw-w64-x86_64-arm-none-eabi\arm-none-eabi\lib\thumb\v6-m\nofp\libc_nano.a(libc_a-freer.o)
 .debug_frame   0x00000edc       0x50 C:\Users\jonat\Downloads\arm-gnu-toolchain-15.2.rel1-mingw-w64-x86_64-arm-none-eabi\arm-none-eabi\lib\thumb\v6-m\nofp\libc_nano.a(libc_a-mallocr.o)
 .debug_frame   0x00000f2c       0x40 C:\Users\jonat\Downloads\arm-gnu-toolchain-15.2.rel1-mingw-w64-x86_64-arm-none-eabi\arm-none-eabi\lib\thumb\v6-m\nofp\libc_nano.a(libc_a-mlock.o)
 .debug_frame   0x00000f6c       0x9c C:\Users\jonat\Downloads\arm-gnu-toolchain-15.2.rel1-mingw-w64-x86_64-arm-none-eabi\arm-none-eabi\lib\thumb\v6-m\nofp\libc_nano.a(libc_a-nano-vfprintf.o)
 .debug_frame   0x00001008       0x54 C:\Users\jonat\Downloads\arm-gnu-toolchain-15.2.rel1-mingw-w64-x86_64-arm-none-eabi\arm-none-eabi\lib\thumb\v6-m\nofp\libc_nano.a(libc_a-nano-vfprintf_i.o)
 .debug_frame   0x0000105c       0x30 C:\Users\jonat\Downloads\arm-gnu-toolchain-15.2.rel1-mingw-w64-x86_64-arm-none-eabi\arm-none-eabi\lib\thumb\v6-m\nofp\libc_nano.a(libc_a-fvwrite.o)
 .debug_frame   0x0000108c       0x54 C:\Users\jonat\Downloads\arm-gnu-toolchain-15.2.rel1-mingw-w64-x86_64-arm-none-eabi\arm-none-eabi\lib\thumb\v6-m\nofp\libc_nano.a(libc_a-makebuf.o)
 .debug_frame   0x000010e0       0x28 C:\Users\jonat\Downloads\arm-gnu-toolchain-15.2.rel1-mingw-w64-x86_64-arm-none-eabi\arm-none-eabi\lib\thumb\v6-m\nofp\libc_nano.a(libc_a-memmove.o)
 .debug_frame   0x00001108       0x2c C:\Users\jonat\Downloads\arm-gnu-toolchain-15.2.rel1-mingw-w64-x86_64-arm-none-eabi\arm-none-eabi\lib\thumb\v6-m\nofp\libc_nano.a(libc_a-fstatr.o)
 .debug_frame   0x00001134       0x2c C:\Users\jonat\Downloads\arm-gnu-toolchain-15.2.rel1-mingw-w64-x86_64-arm-none-eabi\arm-none-eabi\lib\thumb\v6-m\nofp\libc_nano.a(libc_a-isattyr.o)
 .debug_frame   0x00001160       0x2c C:\Users\jonat\Downloads\arm-gnu-toolchain-15.2.rel1-mingw-w64-x86_64-arm-none-eabi\arm-none-eabi\lib\thumb\v6-m\nofp\libc_nano.a(libc_a-sbrkr.o)
 .debug_frame   0x0000118c       0x20 C:\Users\jonat\Downloads\arm-gnu-toolchain-15.2.rel1-mingw-w64-x86_64-arm-none-eabi\arm-none-eabi\lib\thumb\v6-m\nofp\libc_nano.a(libc_a-memchr-stub.o)
 .debug_frame   0x000011ac       0x28 C:\Users\jonat\Downloads\arm-gnu-toolchain-15.2.rel1-mingw-w64-x86_64-arm-none-eabi\arm-none-eabi\lib\thumb\v6-m\nofp\libc_nano.a(libc_a-memcpy-stub.o)
 .debug_frame   0x000011d4       0x34 C:\Users\jonat\Downloads\arm-gnu-toolchain-15.2.rel1-mingw-w64-x86_64-arm-none-eabi\arm-none-eabi\lib\thumb\v6-m\nofp\libc_nano.a(libc_a-reallocr.o)
 .debug_frame   0x00001208       0x20 C:\Users\jonat\Downloads\arm-gnu-toolchain-15.2.rel1-mingw-w64-x86_64-arm-none-eabi\arm-none-eabi\lib\thumb\v6-m\nofp\libc_nano.a(libc_a-msizer.o)
 .debug_frame   0x00001228       0x20 C:\Users\jonat\Downloads\arm-gnu-toolchain-15.2.rel1-mingw-w64-x86_64-arm-none-eabi\lib\gcc\arm-none-eabi\15.2.1\thumb\v6-m\nofp\libgcc.a(_udivsi3.o)

.debug_rnglists
                0x00000000       0x1a
 .debug_rnglists
                0x00000000       0x1a startup.o

.debug_line_str
                0x00000000       0xcd
 .debug_line_str
                0x00000000       0xcd C:\Users\jonat\Downloads\arm-gnu-toolchain-15.2.rel1-mingw-w64-x86_64-arm-none-eabi\lib\gcc\arm-none-eabi\15.2.1\thumb\v6-m\nofp\libgcc.a(_divsi3.o)
 .debug_line_str
                0x000000cd        0x0 C:\Users\jonat\Downloads\arm-gnu-toolchain-15.2.rel1-mingw-w64-x86_64-arm-none-eabi\lib\gcc\arm-none-eabi\15.2.1\thumb\v6-m\nofp\libgcc.a(_dvmd_tls.o)
                                 0xcd (size before relaxing)
 .debug_line_str
                0x000000cd        0x0 C:\Users\jonat\Downloads\arm-gnu-toolchain-15.2.rel1-mingw-w64-x86_64-arm-none-eabi\lib\gcc\arm-none-eabi\15.2.1\thumb\v6-m\nofp\libgcc.a(_thumb1_case_shi.o)
                                 0xcd (size before relaxing)
 .debug_line_str
                0x000000cd        0x0 C:\Users\jonat\Downloads\arm-gnu-toolchain-15.2.rel1-mingw-w64-x86_64-arm-none-eabi\lib\gcc\arm-none-eabi\15.2.1\thumb\v6-m\nofp\libgcc.a(_udivsi3.o)
                                 0xcd (size before relaxing)

Cross Reference Table

Symbol                                            File
ADC_COMP_Handler                                  startup.o
ComBusy                                           serial.o
ComError                                          serial.o
ComOpen                                           serial.o
ComRXBuffer                                       serial.o
ComTXBuffer                                       serial.o
DMA_CH1_Handler                                   startup.o
DMA_CH2_3_Handler                                 startup.o
DMA_CH4_5_6_7_Handler                             startup.o
Default_Handler                                   startup.o
EXTI0_1_Handler                                   startup.o
EXTI2_3_Handler                                   startup.o
EXTI4_15_Handler                                  startup.o
FLASH_Handler                                     startup.o
GetBuf                                            serial.o
GetBufCount                                       serial.o
Hard_Fault_Handler                                startup.o
I2C1_Handler                                      startup.o
I2C2_Handler                                      startup.o
LPTIM1_Handler                                    startup.o
LPUART1_Handler                                   startup.o
NMI_Handler                                       startup.o
PVD_Handler                                       startup.o
PendSV_Handler                                    startup.o
PutBuf                                            serial.o
RCC_Handler                                       startup.o
RTC_Handler                                       startup.o
ReadCom                                           serial.o
ResetInit                                         startup.o
SPI1_Handler                                      startup.o
SPI2_Handler                                      startup.o
SVC_Handler                                       startup.o
SysTick_Handler                                   startup.o
TIM21_Handler                                     startup.o
TIM22_Handler                                     startup.o
TIM2_Handler                                      main.o
TIM6_Handler                                      startup.o
USART1_Handler                                    serial.o
USART2_Handler                                    startup.o
Vectors                                           startup.o
WWDG_Handler                                      startup.o
WriteCom                                          serial.o
_HeapStart                                        newlib_stubs.o
_StackTop                                         newlib_stubs.o
                                                  startup.o
__aeabi_idiv                                      C:\Users\jonat\Downloads\arm-gnu-toolchain-15.2.rel1-mingw-w64-x86_64-arm-none-eabi\lib\gcc\arm-none-eabi\15.2.1\thumb\v6-m\nofp\libgcc.a(_divsi3.o)
                                                  C:\Users\jonat\Downloads\arm-gnu-toolchain-15.2.rel1-mingw-w64-x86_64-arm-none-eabi\arm-none-eabi\lib\thumb\v6-m\nofp\libc_nano.a(libc_a-fvwrite.o)
                                                  serial.o
__aeabi_idiv0                                     C:\Users\jonat\Downloads\arm-gnu-toolchain-15.2.rel1-mingw-w64-x86_64-arm-none-eabi\lib\gcc\arm-none-eabi\15.2.1\thumb\v6-m\nofp\libgcc.a(_dvmd_tls.o)
                                                  C:\Users\jonat\Downloads\arm-gnu-toolchain-15.2.rel1-mingw-w64-x86_64-arm-none-eabi\lib\gcc\arm-none-eabi\15.2.1\thumb\v6-m\nofp\libgcc.a(_udivsi3.o)
                                                  C:\Users\jonat\Downloads\arm-gnu-toolchain-15.2.rel1-mingw-w64-x86_64-arm-none-eabi\lib\gcc\arm-none-eabi\15.2.1\thumb\v6-m\nofp\libgcc.a(_divsi3.o)
__aeabi_idivmod                                   C:\Users\jonat\Downloads\arm-gnu-toolchain-15.2.rel1-mingw-w64-x86_64-arm-none-eabi\lib\gcc\arm-none-eabi\15.2.1\thumb\v6-m\nofp\libgcc.a(_divsi3.o)
__aeabi_ldiv0                                     C:\Users\jonat\Downloads\arm-gnu-toolchain-15.2.rel1-mingw-w64-x86_64-arm-none-eabi\lib\gcc\arm-none-eabi\15.2.1\thumb\v6-m\nofp\libgcc.a(_dvmd_tls.o)
__aeabi_uidiv                                     C:\Users\jonat\Downloads\arm-gnu-toolchain-15.2.rel1-mingw-w64-x86_64-arm-none-eabi\lib\gcc\arm-none-eabi\15.2.1\thumb\v6-m\nofp\libgcc.a(_udivsi3.o)
__aeabi_uidivmod                                  C:\Users\jonat\Downloads\arm-gnu-toolchain-15.2.rel1-mingw-w64-x86_64-arm-none-eabi\lib\gcc\arm-none-eabi\15.2.1\thumb\v6-m\nofp\libgcc.a(_udivsi3.o)
                                                  C:\Users\jonat\Downloads\arm-gnu-toolchain-15.2.rel1-mingw-w64-x86_64-arm-none-eabi\arm-none-eabi\lib\thumb\v6-m\nofp\libc_nano.a(libc_a-nano-vfprintf_i.o)
__divsi3                                          C:\Users\jonat\Downloads\arm-gnu-toolchain-15.2.rel1-mingw-w64-x86_64-arm-none-eabi\lib\gcc\arm-none-eabi\15.2.1\thumb\v6-m\nofp\libgcc.a(_divsi3.o)
__env                                             newlib_stubs.o
__fp_lock_all                                     C:\Users\jonat\Downloads\arm-gnu-toolchain-15.2.rel1-mingw-w64-x86_64-arm-none-eabi\arm-none-eabi\lib\thumb\v6-m\nofp\libc_nano.a(libc_a-findfp.o)
__fp_unlock_all                                   C:\Users\jonat\Downloads\arm-gnu-toolchain-15.2.rel1-mingw-w64-x86_64-arm-none-eabi\arm-none-eabi\lib\thumb\v6-m\nofp\libc_nano.a(libc_a-findfp.o)
__gnu_thumb1_case_shi                             C:\Users\jonat\Downloads\arm-gnu-toolchain-15.2.rel1-mingw-w64-x86_64-arm-none-eabi\lib\gcc\arm-none-eabi\15.2.1\thumb\v6-m\nofp\libgcc.a(_thumb1_case_shi.o)
                                                  C:\Users\jonat\Downloads\arm-gnu-toolchain-15.2.rel1-mingw-w64-x86_64-arm-none-eabi\arm-none-eabi\lib\thumb\v6-m\nofp\libc_nano.a(libc_a-nano-vfprintf_i.o)
__init_array_end                                  startup.o
__init_array_start                                startup.o
__lock___arc4random_mutex                         C:\Users\jonat\Downloads\arm-gnu-toolchain-15.2.rel1-mingw-w64-x86_64-arm-none-eabi\arm-none-eabi\lib\thumb\v6-m\nofp\libc_nano.a(libc_a-lock.o)
__lock___at_quick_exit_mutex                      C:\Users\jonat\Downloads\arm-gnu-toolchain-15.2.rel1-mingw-w64-x86_64-arm-none-eabi\arm-none-eabi\lib\thumb\v6-m\nofp\libc_nano.a(libc_a-lock.o)
__lock___atexit_recursive_mutex                   C:\Users\jonat\Downloads\arm-gnu-toolchain-15.2.rel1-mingw-w64-x86_64-arm-none-eabi\arm-none-eabi\lib\thumb\v6-m\nofp\libc_nano.a(libc_a-lock.o)
__lock___dd_hash_mutex                            C:\Users\jonat\Downloads\arm-gnu-toolchain-15.2.rel1-mingw-w64-x86_64-arm-none-eabi\arm-none-eabi\lib\thumb\v6-m\nofp\libc_nano.a(libc_a-lock.o)
__lock___env_recursive_mutex                      C:\Users\jonat\Downloads\arm-gnu-toolchain-15.2.rel1-mingw-w64-x86_64-arm-none-eabi\arm-none-eabi\lib\thumb\v6-m\nofp\libc_nano.a(libc_a-lock.o)
__lock___malloc_recursive_mutex                   C:\Users\jonat\Downloads\arm-gnu-toolchain-15.2.rel1-mingw-w64-x86_64-arm-none-eabi\arm-none-eabi\lib\thumb\v6-m\nofp\libc_nano.a(libc_a-lock.o)
                                                  C:\Users\jonat\Downloads\arm-gnu-toolchain-15.2.rel1-mingw-w64-x86_64-arm-none-eabi\arm-none-eabi\lib\thumb\v6-m\nofp\libc_nano.a(libc_a-mlock.o)
__lock___sfp_recursive_mutex                      C:\Users\jonat\Downloads\arm-gnu-toolchain-15.2.rel1-mingw-w64-x86_64-arm-none-eabi\arm-none-eabi\lib\thumb\v6-m\nofp\libc_nano.a(libc_a-lock.o)
                                                  C:\Users\jonat\Downloads\arm-gnu-toolchain-15.2.rel1-mingw-w64-x86_64-arm-none-eabi\arm-none-eabi\lib\thumb\v6-m\nofp\libc_nano.a(libc_a-findfp.o)
__lock___tz_mutex                                 C:\Users\jonat\Downloads\arm-gnu-toolchain-15.2.rel1-mingw-w64-x86_64-arm-none-eabi\arm-none-eabi\lib\thumb\v6-m\nofp\libc_nano.a(libc_a-lock.o)
__malloc_free_list                                C:\Users\jonat\Downloads\arm-gnu-toolchain-15.2.rel1-mingw-w64-x86_64-arm-none-eabi\arm-none-eabi\lib\thumb\v6-m\nofp\libc_nano.a(libc_a-mallocr.o)
                                                  C:\Users\jonat\Downloads\arm-gnu-toolchain-15.2.rel1-mingw-w64-x86_64-arm-none-eabi\arm-none-eabi\lib\thumb\v6-m\nofp\libc_nano.a(libc_a-freer.o)
__malloc_lock                                     C:\Users\jonat\Downloads\arm-gnu-toolchain-15.2.rel1-mingw-w64-x86_64-arm-none-eabi\arm-none-eabi\lib\thumb\v6-m\nofp\libc_nano.a(libc_a-mlock.o)
                                                  C:\Users\jonat\Downloads\arm-gnu-toolchain-15.2.rel1-mingw-w64-x86_64-arm-none-eabi\arm-none-eabi\lib\thumb\v6-m\nofp\libc_nano.a(libc_a-mallocr.o)
                                                  C:\Users\jonat\Downloads\arm-gnu-toolchain-15.2.rel1-mingw-w64-x86_64-arm-none-eabi\arm-none-eabi\lib\thumb\v6-m\nofp\libc_nano.a(libc_a-freer.o)
__malloc_sbrk_start                               C:\Users\jonat\Downloads\arm-gnu-toolchain-15.2.rel1-mingw-w64-x86_64-arm-none-eabi\arm-none-eabi\lib\thumb\v6-m\nofp\libc_nano.a(libc_a-mallocr.o)
__malloc_unlock                                   C:\Users\jonat\Downloads\arm-gnu-toolchain-15.2.rel1-mingw-w64-x86_64-arm-none-eabi\arm-none-eabi\lib\thumb\v6-m\nofp\libc_nano.a(libc_a-mlock.o)
                                                  C:\Users\jonat\Downloads\arm-gnu-toolchain-15.2.rel1-mingw-w64-x86_64-arm-none-eabi\arm-none-eabi\lib\thumb\v6-m\nofp\libc_nano.a(libc_a-mallocr.o)
                                                  C:\Users\jonat\Downloads\arm-gnu-toolchain-15.2.rel1-mingw-w64-x86_64-arm-none-eabi\arm-none-eabi\lib\thumb\v6-m\nofp\libc_nano.a(libc_a-freer.o)
__retarget_lock_acquire                           C:\Users\jonat\Downloads\arm-gnu-toolchain-15.2.rel1-mingw-w64-x86_64-arm-none-eabi\arm-none-eabi\lib\thumb\v6-m\nofp\libc_nano.a(libc_a-lock.o)
__retarget_lock_acquire_recursive                 C:\Users\jonat\Downloads\arm-gnu-toolchain-15.2.rel1-mingw-w64-x86_64-arm-none-eabi\arm-none-eabi\lib\thumb\v6-m\nofp\libc_nano.a(libc_a-lock.o)
                                                  C:\Users\jonat\Downloads\arm-gnu-toolchain-15.2.rel1-mingw-w64-x86_64-arm-none-eabi\arm-none-eabi\lib\thumb\v6-m\nofp\libc_nano.a(libc_a-nano-vfprintf.o)
                                                  C:\Users\jonat\Downloads\arm-gnu-toolchain-15.2.rel1-mingw-w64-x86_64-arm-none-eabi\arm-none-eabi\lib\thumb\v6-m\nofp\libc_nano.a(libc_a-mlock.o)
                                                  C:\Users\jonat\Downloads\arm-gnu-toolchain-15.2.rel1-mingw-w64-x86_64-arm-none-eabi\arm-none-eabi\lib\thumb\v6-m\nofp\libc_nano.a(libc_a-puts.o)
                                                  C:\Users\jonat\Downloads\arm-gnu-toolchain-15.2.rel1-mingw-w64-x86_64-arm-none-eabi\arm-none-eabi\lib\thumb\v6-m\nofp\libc_nano.a(libc_a-findfp.o)
                                                  C:\Users\jonat\Downloads\arm-gnu-toolchain-15.2.rel1-mingw-w64-x86_64-arm-none-eabi\arm-none-eabi\lib\thumb\v6-m\nofp\libc_nano.a(libc_a-fflush.o)
__retarget_lock_close                             C:\Users\jonat\Downloads\arm-gnu-toolchain-15.2.rel1-mingw-w64-x86_64-arm-none-eabi\arm-none-eabi\lib\thumb\v6-m\nofp\libc_nano.a(libc_a-lock.o)
__retarget_lock_close_recursive                   C:\Users\jonat\Downloads\arm-gnu-toolchain-15.2.rel1-mingw-w64-x86_64-arm-none-eabi\arm-none-eabi\lib\thumb\v6-m\nofp\libc_nano.a(libc_a-lock.o)
__retarget_lock_init                              C:\Users\jonat\Downloads\arm-gnu-toolchain-15.2.rel1-mingw-w64-x86_64-arm-none-eabi\arm-none-eabi\lib\thumb\v6-m\nofp\libc_nano.a(libc_a-lock.o)
__retarget_lock_init_recursive                    C:\Users\jonat\Downloads\arm-gnu-toolchain-15.2.rel1-mingw-w64-x86_64-arm-none-eabi\arm-none-eabi\lib\thumb\v6-m\nofp\libc_nano.a(libc_a-lock.o)
                                                  C:\Users\jonat\Downloads\arm-gnu-toolchain-15.2.rel1-mingw-w64-x86_64-arm-none-eabi\arm-none-eabi\lib\thumb\v6-m\nofp\libc_nano.a(libc_a-findfp.o)
__retarget_lock_release                           C:\Users\jonat\Downloads\arm-gnu-toolchain-15.2.rel1-mingw-w64-x86_64-arm-none-eabi\arm-none-eabi\lib\thumb\v6-m\nofp\libc_nano.a(libc_a-lock.o)
__retarget_lock_release_recursive                 C:\Users\jonat\Downloads\arm-gnu-toolchain-15.2.rel1-mingw-w64-x86_64-arm-none-eabi\arm-none-eabi\lib\thumb\v6-m\nofp\libc_nano.a(libc_a-lock.o)
                                                  C:\Users\jonat\Downloads\arm-gnu-toolchain-15.2.rel1-mingw-w64-x86_64-arm-none-eabi\arm-none-eabi\lib\thumb\v6-m\nofp\libc_nano.a(libc_a-nano-vfprintf.o)
                                                  C:\Users\jonat\Downloads\arm-gnu-toolchain-15.2.rel1-mingw-w64-x86_64-arm-none-eabi\arm-none-eabi\lib\thumb\v6-m\nofp\libc_nano.a(libc_a-mlock.o)
                                                  C:\Users\jonat\Downloads\arm-gnu-toolchain-15.2.rel1-mingw-w64-x86_64-arm-none-eabi\arm-none-eabi\lib\thumb\v6-m\nofp\libc_nano.a(libc_a-puts.o)
                                                  C:\Users\jonat\Downloads\arm-gnu-toolchain-15.2.rel1-mingw-w64-x86_64-arm-none-eabi\arm-none-eabi\lib\thumb\v6-m\nofp\libc_nano.a(libc_a-findfp.o)
                                                  C:\Users\jonat\Downloads\arm-gnu-toolchain-15.2.rel1-mingw-w64-x86_64-arm-none-eabi\arm-none-eabi\lib\thumb\v6-m\nofp\libc_nano.a(libc_a-fflush.o)
__retarget_lock_try_acquire                       C:\Users\jonat\Downloads\arm-gnu-toolchain-15.2.rel1-mingw-w64-x86_64-arm-none-eabi\arm-none-eabi\lib\thumb\v6-m\nofp\libc_nano.a(libc_a-lock.o)
__retarget_lock_try_acquire_recursive             C:\Users\jonat\Downloads\arm-gnu-toolchain-15.2.rel1-mingw-w64-x86_64-arm-none-eabi\arm-none-eabi\lib\thumb\v6-m\nofp\libc_nano.a(libc_a-lock.o)
__sclose                                          C:\Users\jonat\Downloads\arm-gnu-toolchain-15.2.rel1-mingw-w64-x86_64-arm-none-eabi\arm-none-eabi\lib\thumb\v6-m\nofp\libc_nano.a(libc_a-stdio.o)
                                                  C:\Users\jonat\Downloads\arm-gnu-toolchain-15.2.rel1-mingw-w64-x86_64-arm-none-eabi\arm-none-eabi\lib\thumb\v6-m\nofp\libc_nano.a(libc_a-findfp.o)
__seofread                                        C:\Users\jonat\Downloads\arm-gnu-toolchain-15.2.rel1-mingw-w64-x86_64-arm-none-eabi\arm-none-eabi\lib\thumb\v6-m\nofp\libc_nano.a(libc_a-stdio.o)
__sf                                              C:\Users\jonat\Downloads\arm-gnu-toolchain-15.2.rel1-mingw-w64-x86_64-arm-none-eabi\arm-none-eabi\lib\thumb\v6-m\nofp\libc_nano.a(libc_a-findfp.o)
                                                  C:\Users\jonat\Downloads\arm-gnu-toolchain-15.2.rel1-mingw-w64-x86_64-arm-none-eabi\arm-none-eabi\lib\thumb\v6-m\nofp\libc_nano.a(libc_a-impure.o)
__sflush_r                                        C:\Users\jonat\Downloads\arm-gnu-toolchain-15.2.rel1-mingw-w64-x86_64-arm-none-eabi\arm-none-eabi\lib\thumb\v6-m\nofp\libc_nano.a(libc_a-fflush.o)
__sfp                                             C:\Users\jonat\Downloads\arm-gnu-toolchain-15.2.rel1-mingw-w64-x86_64-arm-none-eabi\arm-none-eabi\lib\thumb\v6-m\nofp\libc_nano.a(libc_a-findfp.o)
__sfp_lock_acquire                                C:\Users\jonat\Downloads\arm-gnu-toolchain-15.2.rel1-mingw-w64-x86_64-arm-none-eabi\arm-none-eabi\lib\thumb\v6-m\nofp\libc_nano.a(libc_a-findfp.o)
__sfp_lock_release                                C:\Users\jonat\Downloads\arm-gnu-toolchain-15.2.rel1-mingw-w64-x86_64-arm-none-eabi\arm-none-eabi\lib\thumb\v6-m\nofp\libc_nano.a(libc_a-findfp.o)
__sfputs_r                                        C:\Users\jonat\Downloads\arm-gnu-toolchain-15.2.rel1-mingw-w64-x86_64-arm-none-eabi\arm-none-eabi\lib\thumb\v6-m\nofp\libc_nano.a(libc_a-nano-vfprintf.o)
__sfvwrite_r                                      C:\Users\jonat\Downloads\arm-gnu-toolchain-15.2.rel1-mingw-w64-x86_64-arm-none-eabi\arm-none-eabi\lib\thumb\v6-m\nofp\libc_nano.a(libc_a-fvwrite.o)
                                                  C:\Users\jonat\Downloads\arm-gnu-toolchain-15.2.rel1-mingw-w64-x86_64-arm-none-eabi\arm-none-eabi\lib\thumb\v6-m\nofp\libc_nano.a(libc_a-nano-vfprintf.o)
__sglue                                           C:\Users\jonat\Downloads\arm-gnu-toolchain-15.2.rel1-mingw-w64-x86_64-arm-none-eabi\arm-none-eabi\lib\thumb\v6-m\nofp\libc_nano.a(libc_a-findfp.o)
                                                  C:\Users\jonat\Downloads\arm-gnu-toolchain-15.2.rel1-mingw-w64-x86_64-arm-none-eabi\arm-none-eabi\lib\thumb\v6-m\nofp\libc_nano.a(libc_a-fflush.o)
__sinit                                           C:\Users\jonat\Downloads\arm-gnu-toolchain-15.2.rel1-mingw-w64-x86_64-arm-none-eabi\arm-none-eabi\lib\thumb\v6-m\nofp\libc_nano.a(libc_a-findfp.o)
                                                  C:\Users\jonat\Downloads\arm-gnu-toolchain-15.2.rel1-mingw-w64-x86_64-arm-none-eabi\arm-none-eabi\lib\thumb\v6-m\nofp\libc_nano.a(libc_a-nano-vfprintf.o)
                                                  C:\Users\jonat\Downloads\arm-gnu-toolchain-15.2.rel1-mingw-w64-x86_64-arm-none-eabi\arm-none-eabi\lib\thumb\v6-m\nofp\libc_nano.a(libc_a-wsetup.o)
                                                  C:\Users\jonat\Downloads\arm-gnu-toolchain-15.2.rel1-mingw-w64-x86_64-arm-none-eabi\arm-none-eabi\lib\thumb\v6-m\nofp\libc_nano.a(libc_a-wbuf.o)
                                                  C:\Users\jonat\Downloads\arm-gnu-toolchain-15.2.rel1-mingw-w64-x86_64-arm-none-eabi\arm-none-eabi\lib\thumb\v6-m\nofp\libc_nano.a(libc_a-puts.o)
                                                  C:\Users\jonat\Downloads\arm-gnu-toolchain-15.2.rel1-mingw-w64-x86_64-arm-none-eabi\arm-none-eabi\lib\thumb\v6-m\nofp\libc_nano.a(libc_a-fflush.o)
__smakebuf_r                                      C:\Users\jonat\Downloads\arm-gnu-toolchain-15.2.rel1-mingw-w64-x86_64-arm-none-eabi\arm-none-eabi\lib\thumb\v6-m\nofp\libc_nano.a(libc_a-makebuf.o)
                                                  C:\Users\jonat\Downloads\arm-gnu-toolchain-15.2.rel1-mingw-w64-x86_64-arm-none-eabi\arm-none-eabi\lib\thumb\v6-m\nofp\libc_nano.a(libc_a-wsetup.o)
__sprint_r                                        C:\Users\jonat\Downloads\arm-gnu-toolchain-15.2.rel1-mingw-w64-x86_64-arm-none-eabi\arm-none-eabi\lib\thumb\v6-m\nofp\libc_nano.a(libc_a-nano-vfprintf.o)
__sread                                           C:\Users\jonat\Downloads\arm-gnu-toolchain-15.2.rel1-mingw-w64-x86_64-arm-none-eabi\arm-none-eabi\lib\thumb\v6-m\nofp\libc_nano.a(libc_a-stdio.o)
                                                  C:\Users\jonat\Downloads\arm-gnu-toolchain-15.2.rel1-mingw-w64-x86_64-arm-none-eabi\arm-none-eabi\lib\thumb\v6-m\nofp\libc_nano.a(libc_a-findfp.o)
__sseek                                           C:\Users\jonat\Downloads\arm-gnu-toolchain-15.2.rel1-mingw-w64-x86_64-arm-none-eabi\arm-none-eabi\lib\thumb\v6-m\nofp\libc_nano.a(libc_a-stdio.o)
                                                  C:\Users\jonat\Downloads\arm-gnu-toolchain-15.2.rel1-mingw-w64-x86_64-arm-none-eabi\arm-none-eabi\lib\thumb\v6-m\nofp\libc_nano.a(libc_a-findfp.o)
__stdio_exit_handler                              C:\Users\jonat\Downloads\arm-gnu-toolchain-15.2.rel1-mingw-w64-x86_64-arm-none-eabi\arm-none-eabi\lib\thumb\v6-m\nofp\libc_nano.a(libc_a-findfp.o)
__swbuf                                           C:\Users\jonat\Downloads\arm-gnu-toolchain-15.2.rel1-mingw-w64-x86_64-arm-none-eabi\arm-none-eabi\lib\thumb\v6-m\nofp\libc_nano.a(libc_a-wbuf.o)
__swbuf_r                                         C:\Users\jonat\Downloads\arm-gnu-toolchain-15.2.rel1-mingw-w64-x86_64-arm-none-eabi\arm-none-eabi\lib\thumb\v6-m\nofp\libc_nano.a(libc_a-wbuf.o)
                                                  C:\Users\jonat\Downloads\arm-gnu-toolchain-15.2.rel1-mingw-w64-x86_64-arm-none-eabi\arm-none-eabi\lib\thumb\v6-m\nofp\libc_nano.a(libc_a-nano-vfprintf.o)
                                                  C:\Users\jonat\Downloads\arm-gnu-toolchain-15.2.rel1-mingw-w64-x86_64-arm-none-eabi\arm-none-eabi\lib\thumb\v6-m\nofp\libc_nano.a(libc_a-puts.o)
__swhatbuf_r                                      C:\Users\jonat\Downloads\arm-gnu-toolchain-15.2.rel1-mingw-w64-x86_64-arm-none-eabi\arm-none-eabi\lib\thumb\v6-m\nofp\libc_nano.a(libc_a-makebuf.o)
__swrite                                          C:\Users\jonat\Downloads\arm-gnu-toolchain-15.2.rel1-mingw-w64-x86_64-arm-none-eabi\arm-none-eabi\lib\thumb\v6-m\nofp\libc_nano.a(libc_a-stdio.o)
                                                  C:\Users\jonat\Downloads\arm-gnu-toolchain-15.2.rel1-mingw-w64-x86_64-arm-none-eabi\arm-none-eabi\lib\thumb\v6-m\nofp\libc_nano.a(libc_a-findfp.o)
__swsetup_r                                       C:\Users\jonat\Downloads\arm-gnu-toolchain-15.2.rel1-mingw-w64-x86_64-arm-none-eabi\arm-none-eabi\lib\thumb\v6-m\nofp\libc_nano.a(libc_a-wsetup.o)
                                                  C:\Users\jonat\Downloads\arm-gnu-toolchain-15.2.rel1-mingw-w64-x86_64-arm-none-eabi\arm-none-eabi\lib\thumb\v6-m\nofp\libc_nano.a(libc_a-fvwrite.o)
                                                  C:\Users\jonat\Downloads\arm-gnu-toolchain-15.2.rel1-mingw-w64-x86_64-arm-none-eabi\arm-none-eabi\lib\thumb\v6-m\nofp\libc_nano.a(libc_a-nano-vfprintf.o)
                                                  C:\Users\jonat\Downloads\arm-gnu-toolchain-15.2.rel1-mingw-w64-x86_64-arm-none-eabi\arm-none-eabi\lib\thumb\v6-m\nofp\libc_nano.a(libc_a-wbuf.o)
                                                  C:\Users\jonat\Downloads\arm-gnu-toolchain-15.2.rel1-mingw-w64-x86_64-arm-none-eabi\arm-none-eabi\lib\thumb\v6-m\nofp\libc_nano.a(libc_a-puts.o)
__udivsi3                                         C:\Users\jonat\Downloads\arm-gnu-toolchain-15.2.rel1-mingw-w64-x86_64-arm-none-eabi\lib\gcc\arm-none-eabi\15.2.1\thumb\v6-m\nofp\libgcc.a(_udivsi3.o)
_close                                            newlib_stubs.o
                                                  C:\Users\jonat\Downloads\arm-gnu-toolchain-15.2.rel1-mingw-w64-x86_64-arm-none-eabi\arm-none-eabi\lib\thumb\v6-m\nofp\libc_nano.a(libc_a-closer.o)
_close_r                                          C:\Users\jonat\Downloads\arm-gnu-toolchain-15.2.rel1-mingw-w64-x86_64-arm-none-eabi\arm-none-eabi\lib\thumb\v6-m\nofp\libc_nano.a(libc_a-closer.o)
                                                  C:\Users\jonat\Downloads\arm-gnu-toolchain-15.2.rel1-mingw-w64-x86_64-arm-none-eabi\arm-none-eabi\lib\thumb\v6-m\nofp\libc_nano.a(libc_a-stdio.o)
_data                                             startup.o
_ebss                                             startup.o
_edata                                            startup.o
_etext                                            startup.o
_execve                                           newlib_stubs.o
_exit                                             newlib_stubs.o
_fflush_r                                         C:\Users\jonat\Downloads\arm-gnu-toolchain-15.2.rel1-mingw-w64-x86_64-arm-none-eabi\arm-none-eabi\lib\thumb\v6-m\nofp\libc_nano.a(libc_a-fflush.o)
                                                  C:\Users\jonat\Downloads\arm-gnu-toolchain-15.2.rel1-mingw-w64-x86_64-arm-none-eabi\arm-none-eabi\lib\thumb\v6-m\nofp\libc_nano.a(libc_a-fvwrite.o)
                                                  C:\Users\jonat\Downloads\arm-gnu-toolchain-15.2.rel1-mingw-w64-x86_64-arm-none-eabi\arm-none-eabi\lib\thumb\v6-m\nofp\libc_nano.a(libc_a-wbuf.o)
                                                  C:\Users\jonat\Downloads\arm-gnu-toolchain-15.2.rel1-mingw-w64-x86_64-arm-none-eabi\arm-none-eabi\lib\thumb\v6-m\nofp\libc_nano.a(libc_a-findfp.o)
_fork                                             newlib_stubs.o
_free_r                                           C:\Users\jonat\Downloads\arm-gnu-toolchain-15.2.rel1-mingw-w64-x86_64-arm-none-eabi\arm-none-eabi\lib\thumb\v6-m\nofp\libc_nano.a(libc_a-freer.o)
                                                  C:\Users\jonat\Downloads\arm-gnu-toolchain-15.2.rel1-mingw-w64-x86_64-arm-none-eabi\arm-none-eabi\lib\thumb\v6-m\nofp\libc_nano.a(libc_a-reallocr.o)
                                                  C:\Users\jonat\Downloads\arm-gnu-toolchain-15.2.rel1-mingw-w64-x86_64-arm-none-eabi\arm-none-eabi\lib\thumb\v6-m\nofp\libc_nano.a(libc_a-fvwrite.o)
                                                  C:\Users\jonat\Downloads\arm-gnu-toolchain-15.2.rel1-mingw-w64-x86_64-arm-none-eabi\arm-none-eabi\lib\thumb\v6-m\nofp\libc_nano.a(libc_a-wsetup.o)
                                                  C:\Users\jonat\Downloads\arm-gnu-toolchain-15.2.rel1-mingw-w64-x86_64-arm-none-eabi\arm-none-eabi\lib\thumb\v6-m\nofp\libc_nano.a(libc_a-fflush.o)
_fstat                                            newlib_stubs.o
                                                  C:\Users\jonat\Downloads\arm-gnu-toolchain-15.2.rel1-mingw-w64-x86_64-arm-none-eabi\arm-none-eabi\lib\thumb\v6-m\nofp\libc_nano.a(libc_a-fstatr.o)
_fstat_r                                          C:\Users\jonat\Downloads\arm-gnu-toolchain-15.2.rel1-mingw-w64-x86_64-arm-none-eabi\arm-none-eabi\lib\thumb\v6-m\nofp\libc_nano.a(libc_a-fstatr.o)
                                                  C:\Users\jonat\Downloads\arm-gnu-toolchain-15.2.rel1-mingw-w64-x86_64-arm-none-eabi\arm-none-eabi\lib\thumb\v6-m\nofp\libc_nano.a(libc_a-makebuf.o)
_fwalk_sglue                                      C:\Users\jonat\Downloads\arm-gnu-toolchain-15.2.rel1-mingw-w64-x86_64-arm-none-eabi\arm-none-eabi\lib\thumb\v6-m\nofp\libc_nano.a(libc_a-fwalk.o)
                                                  C:\Users\jonat\Downloads\arm-gnu-toolchain-15.2.rel1-mingw-w64-x86_64-arm-none-eabi\arm-none-eabi\lib\thumb\v6-m\nofp\libc_nano.a(libc_a-findfp.o)
                                                  C:\Users\jonat\Downloads\arm-gnu-toolchain-15.2.rel1-mingw-w64-x86_64-arm-none-eabi\arm-none-eabi\lib\thumb\v6-m\nofp\libc_nano.a(libc_a-fflush.o)
_getpid                                           newlib_stubs.o
_impure_data                                      C:\Users\jonat\Downloads\arm-gnu-toolchain-15.2.rel1-mingw-w64-x86_64-arm-none-eabi\arm-none-eabi\lib\thumb\v6-m\nofp\libc_nano.a(libc_a-impure.o)
                                                  C:\Users\jonat\Downloads\arm-gnu-toolchain-15.2.rel1-mingw-w64-x86_64-arm-none-eabi\arm-none-eabi\lib\thumb\v6-m\nofp\libc_nano.a(libc_a-findfp.o)
                                                  C:\Users\jonat\Downloads\arm-gnu-toolchain-15.2.rel1-mingw-w64-x86_64-arm-none-eabi\arm-none-eabi\lib\thumb\v6-m\nofp\libc_nano.a(libc_a-fflush.o)
_impure_ptr                                       C:\Users\jonat\Downloads\arm-gnu-toolchain-15.2.rel1-mingw-w64-x86_64-arm-none-eabi\arm-none-eabi\lib\thumb\v6-m\nofp\libc_nano.a(libc_a-impure.o)
                                                  C:\Users\jonat\Downloads\arm-gnu-toolchain-15.2.rel1-mingw-w64-x86_64-arm-none-eabi\arm-none-eabi\lib\thumb\v6-m\nofp\libc_nano.a(libc_a-nano-vfprintf.o)
                                                  C:\Users\jonat\Downloads\arm-gnu-toolchain-15.2.rel1-mingw-w64-x86_64-arm-none-eabi\arm-none-eabi\lib\thumb\v6-m\nofp\libc_nano.a(libc_a-wsetup.o)
                                                  C:\Users\jonat\Downloads\arm-gnu-toolchain-15.2.rel1-mingw-w64-x86_64-arm-none-eabi\arm-none-eabi\lib\thumb\v6-m\nofp\libc_nano.a(libc_a-wbuf.o)
                                                  C:\Users\jonat\Downloads\arm-gnu-toolchain-15.2.rel1-mingw-w64-x86_64-arm-none-eabi\arm-none-eabi\lib\thumb\v6-m\nofp\libc_nano.a(libc_a-puts.o)
                                                  C:\Users\jonat\Downloads\arm-gnu-toolchain-15.2.rel1-mingw-w64-x86_64-arm-none-eabi\arm-none-eabi\lib\thumb\v6-m\nofp\libc_nano.a(libc_a-printf.o)