Archive member included to satisfy reference by file (symbol)

C:/Users/jonat/Downloads/avr-gcc-15.2.0-x64-windows/avr-gcc-15.2.0-x64-windows/bin/../lib/gcc/avr/15.2.0/avr5\libgcc.a(_exit.o)
                              C:/Users/jonat/Downloads/avr-gcc-15.2.0-x64-windows/avr-gcc-15.2.0-x64-windows/bin/../lib/gcc/avr/15.2.0/../../../../avr/lib/avr5/crtatmega328p.o (exit)
C:/Users/jonat/Downloads/avr-gcc-15.2.0-x64-windows/avr-gcc-15.2.0-x64-windows/bin/../lib/gcc/avr/15.2.0/avr5\libgcc.a(_copy_data.o)
                              main.o (__do_copy_data)
C:/Users/jonat/Downloads/avr-gcc-15.2.0-x64-windows/avr-gcc-15.2.0-x64-windows/bin/../lib/gcc/avr/15.2.0/avr5\libgcc.a(_clear_bss.o)
                              vl53l0x.o (__do_clear_bss)
C:/Users/jonat/Downloads/avr-gcc-15.2.0-x64-windows/avr-gcc-15.2.0-x64-windows/bin/../lib/gcc/avr/15.2.0/../../../../avr/lib/avr5\libc.a(iob.o)
                              usart.o (__iob)
C:/Users/jonat/Downloads/avr-gcc-15.2.0-x64-windows/avr-gcc-15.2.0-x64-windows/bin/../lib/gcc/avr/15.2.0/../../../../avr/lib/avr5\libc.a(printf.o)
                              main.o (printf)
C:/Users/jonat/Downloads/avr-gcc-15.2.0-x64-windows/avr-gcc-15.2.0-x64-windows/bin/../lib/gcc/avr/15.2.0/../../../../avr/lib/avr5\libc.a(putchar.o)
                              main.o (putchar)
C:/Users/jonat/Downloads/avr-gcc-15.2.0-x64-windows/avr-gcc-15.2.0-x64-windows/bin/../lib/gcc/avr/15.2.0/../../../../avr/lib/avr5\libc.a(puts.o)
                              main.o (puts)
C:/Users/jonat/Downloads/avr-gcc-15.2.0-x64-windows/avr-gcc-15.2.0-x64-windows/bin/../lib/gcc/avr/15.2.0/../../../../avr/lib/avr5\libc.a(vfprintf_std.o)
                              C:/Users/jonat/Downloads/avr-gcc-15.2.0-x64-windows/avr-gcc-15.2.0-x64-windows/bin/../lib/gcc/avr/15.2.0/../../../../avr/lib/avr5\libc.a(printf.o) (vfprintf)
C:/Users/jonat/Downloads/avr-gcc-15.2.0-x64-windows/avr-gcc-15.2.0-x64-windows/bin/../lib/gcc/avr/15.2.0/../../../../avr/lib/avr5\libc.a(strnlen_P.o)
                              C:/Users/jonat/Downloads/avr-gcc-15.2.0-x64-windows/avr-gcc-15.2.0-x64-windows/bin/../lib/gcc/avr/15.2.0/../../../../avr/lib/avr5\libc.a(vfprintf_std.o) (strnlen_P)
C:/Users/jonat/Downloads/avr-gcc-15.2.0-x64-windows/avr-gcc-15.2.0-x64-windows/bin/../lib/gcc/avr/15.2.0/../../../../avr/lib/avr5\libc.a(strnlen.o)
                              C:/Users/jonat/Downloads/avr-gcc-15.2.0-x64-windows/avr-gcc-15.2.0-x64-windows/bin/../lib/gcc/avr/15.2.0/../../../../avr/lib/avr5\libc.a(vfprintf_std.o) (strnlen)
C:/Users/jonat/Downloads/avr-gcc-15.2.0-x64-windows/avr-gcc-15.2.0-x64-windows/bin/../lib/gcc/avr/15.2.0/../../../../avr/lib/avr5\libc.a(fputc.o)
                              C:/Users/jonat/Downloads/avr-gcc-15.2.0-x64-windows/avr-gcc-15.2.0-x64-windows/bin/../lib/gcc/avr/15.2.0/../../../../avr/lib/avr5\libc.a(putchar.o) (fputc)
C:/Users/jonat/Downloads/avr-gcc-15.2.0-x64-windows/avr-gcc-15.2.0-x64-windows/bin/../lib/gcc/avr/15.2.0/../../../../avr/lib/avr5\libc.a(ultoa_invert.o)
                              C:/Users/jonat/Downloads/avr-gcc-15.2.0-x64-windows/avr-gcc-15.2.0-x64-windows/bin/../lib/gcc/avr/15.2.0/../../../../avr/lib/avr5\libc.a(vfprintf_std.o) (__ultoa_invert)
C:/Users/jonat/Downloads/avr-gcc-15.2.0-x64-windows/avr-gcc-15.2.0-x64-windows/bin/../lib/gcc/avr/15.2.0/avr5\libgcc.a(_negsi2.o)
                              C:/Users/jonat/Downloads/avr-gcc-15.2.0-x64-windows/avr-gcc-15.2.0-x64-windows/bin/../lib/gcc/avr/15.2.0/../../../../avr/lib/avr5\libc.a(vfprintf_std.o) (__negsi2)
C:/Users/jonat/Downloads/avr-gcc-15.2.0-x64-windows/avr-gcc-15.2.0-x64-windows/bin/../lib/gcc/avr/15.2.0/avr5\libgcc.a(_prologue.o)
                              C:/Users/jonat/Downloads/avr-gcc-15.2.0-x64-windows/avr-gcc-15.2.0-x64-windows/bin/../lib/gcc/avr/15.2.0/../../../../avr/lib/avr5\libc.a(printf.o) (__prologue_saves__)
C:/Users/jonat/Downloads/avr-gcc-15.2.0-x64-windows/avr-gcc-15.2.0-x64-windows/bin/../lib/gcc/avr/15.2.0/avr5\libgcc.a(_epilogue.o)
                              C:/Users/jonat/Downloads/avr-gcc-15.2.0-x64-windows/avr-gcc-15.2.0-x64-windows/bin/../lib/gcc/avr/15.2.0/../../../../avr/lib/avr5\libc.a(printf.o) (__epilogue_restores__)

There are no discarded input sections

Memory Configuration

Name             Origin             Length             Attributes
text             0x00000000         0x00008000         xr
data             0x00800100         0x00000800         rw!x
eeprom           0x00810000         0x00000400         rw!x
fuse             0x00820000         0x00000003         rw!x
lock             0x00830000         0x00000400         rw!x
signature        0x00840000         0x00000400         rw!x
user_signatures  0x00850000         0x00000400         rw!x
*default*        0x00000000         0xffffffff

Linker script and memory map

Address of section .data set to 0x800100
LOAD C:/Users/jonat/Downloads/avr-gcc-15.2.0-x64-windows/avr-gcc-15.2.0-x64-windows/bin/../lib/gcc/avr/15.2.0/../../../../avr/lib/avr5/crtatmega328p.o
LOAD main.o
LOAD usart.o
LOAD vl53l0x.o
START GROUP
LOAD C:/Users/jonat/Downloads/avr-gcc-15.2.0-x64-windows/avr-gcc-15.2.0-x64-windows/bin/../lib/gcc/avr/15.2.0/avr5\libgcc.a
LOAD C:/Users/jonat/Downloads/avr-gcc-15.2.0-x64-windows/avr-gcc-15.2.0-x64-windows/bin/../lib/gcc/avr/15.2.0/../../../../avr/lib/avr5\libm.a
LOAD C:/Users/jonat/Downloads/avr-gcc-15.2.0-x64-windows/avr-gcc-15.2.0-x64-windows/bin/../lib/gcc/avr/15.2.0/../../../../avr/lib/avr5\libc.a
LOAD C:/Users/jonat/Downloads/avr-gcc-15.2.0-x64-windows/avr-gcc-15.2.0-x64-windows/bin/../lib/gcc/avr/15.2.0/../../../../avr/lib/avr5\libatmega328p.a
END GROUP
                [0x00000000]                      __TEXT_REGION_ORIGIN__ = DEFINED (__TEXT_REGION_ORIGIN__)?__TEXT_REGION_ORIGIN__:0x0
                [0x00008000]                      __TEXT_REGION_LENGTH__ = DEFINED (__TEXT_REGION_LENGTH__)?__TEXT_REGION_LENGTH__:0x20000
                [0x00800100]                      __DATA_REGION_ORIGIN__ = DEFINED (__DATA_REGION_ORIGIN__)?__DATA_REGION_ORIGIN__:0x800060
                [0x00000800]                      __DATA_REGION_LENGTH__ = DEFINED (__DATA_REGION_LENGTH__)?__DATA_REGION_LENGTH__:0xffa0
                [0x00000400]                      __EEPROM_REGION_LENGTH__ = DEFINED (__EEPROM_REGION_LENGTH__)?__EEPROM_REGION_LENGTH__:0x10000
                [0x00000003]                      __FUSE_REGION_LENGTH__ = DEFINED (__FUSE_REGION_LENGTH__)?__FUSE_REGION_LENGTH__:0x400
                0x00000400                        __LOCK_REGION_LENGTH__ = DEFINED (__LOCK_REGION_LENGTH__)?__LOCK_REGION_LENGTH__:0x400
                0x00000400                        __SIGNATURE_REGION_LENGTH__ = DEFINED (__SIGNATURE_REGION_LENGTH__)?__SIGNATURE_REGION_LENGTH__:0x400
                0x00000400                        __USER_SIGNATURE_REGION_LENGTH__ = DEFINED (__USER_SIGNATURE_REGION_LENGTH__)?__USER_SIGNATURE_REGION_LENGTH__:0x400

.hash
 *(.hash)

.dynsym
 *(.dynsym)

.dynstr
 *(.dynstr)

.gnu.version
 *(.gnu.version)

.gnu.version_d
 *(.gnu.version_d)

.gnu.version_r
 *(.gnu.version_r)

.rel.init
 *(.rel.init)

.rela.init
 *(.rela.init)

.rel.text
 *(.rel.text)
 *(.rel.text.*)
 *(.rel.gnu.linkonce.t*)

.rela.text
 *(.rela.text)
 *(.rela.text.*)
 *(.rela.gnu.linkonce.t*)

.rel.fini
 *(.rel.fini)

.rela.fini
 *(.rela.fini)

.rel.rodata
 *(.rel.rodata)
 *(.rel.rodata.*)
 *(.rel.gnu.linkonce.r*)

.rela.rodata
 *(.rela.rodata)
 *(.rela.rodata.*)
 *(.rela.gnu.linkonce.r*)

.rel.data
 *(.rel.data)
 *(.rel.data.*)
 *(.rel.gnu.linkonce.d*)

.rela.data
 *(.rela.data)
 *(.rela.data.*)
 *(.rela.gnu.linkonce.d*)

.rel.ctors
 *(.rel.ctors)

.rela.ctors
 *(.rela.ctors)

.rel.dtors
 *(.rel.dtors)

.rela.dtors
 *(.rela.dtors)

.rel.got
 *(.rel.got)

.rela.got
 *(.rela.got)

.rel.bss
 *(.rel.bss)

.rela.bss
 *(.rela.bss)

.rel.plt
 *(.rel.plt)

.rela.plt
 *(.rela.plt)

.text           0x00000000     0x1050
 *(.vectors)
 .vectors       0x00000000       0x68 C:/Users/jonat/Downloads/avr-gcc-15.2.0-x64-windows/avr-gcc-15.2.0-x64-windows/bin/../lib/gcc/avr/15.2.0/../../../../avr/lib/avr5/crtatmega328p.o
                0x00000000                __vector_default
                0x00000000                __vectors
 *(.vectors)
                0x00000068                        __progmem_start = .
 *(.progmem)
 *(.progmem.*)
                0x00000068                        __progmem_end = .
                0x00000001                        ASSERT (((__progmem_start == __progmem_end) || (__progmem_end <= 0x10000)), .progmem section exceeds 0x10000)
                0x00000068                        . = ALIGN (0x2)
                0x00000068                        __trampolines_start = .
 *(.trampolines)
 .trampolines   0x00000068        0x0 linker stubs
 *(.trampolines*)
                0x00000068                        __trampolines_end = .
                0x00000068                        . = ALIGN (0x2)
 *(.lowtext)
 *(.lowtext*)
                0x00000068                        __ctors_start = .
 *(.ctors)
                0x00000068                        __ctors_end = .
                0x00000068                        __dtors_start = .
 *(.dtors)
                0x00000068                        __dtors_end = .
 SORT_BY_NAME(*)(.ctors)
 SORT_BY_NAME(*)(.dtors)
 *(.init0)
 .init0         0x00000068        0x0 C:/Users/jonat/Downloads/avr-gcc-15.2.0-x64-windows/avr-gcc-15.2.0-x64-windows/bin/../lib/gcc/avr/15.2.0/../../../../avr/lib/avr5/crtatmega328p.o
                0x00000068                __init
 *(.init0)
 *(.init1)
 *(.init1)
 *(.init2)
 .init2         0x00000068        0xc C:/Users/jonat/Downloads/avr-gcc-15.2.0-x64-windows/avr-gcc-15.2.0-x64-windows/bin/../lib/gcc/avr/15.2.0/../../../../avr/lib/avr5/crtatmega328p.o
 *(.init2)
 *(.init3)
 *(.init3)
 *(.init4)
 .init4         0x00000074       0x16 C:/Users/jonat/Downloads/avr-gcc-15.2.0-x64-windows/avr-gcc-15.2.0-x64-windows/bin/../lib/gcc/avr/15.2.0/avr5\libgcc.a(_copy_data.o)
                0x00000074                __do_copy_data
 .init4         0x0000008a       0x10 C:/Users/jonat/Downloads/avr-gcc-15.2.0-x64-windows/avr-gcc-15.2.0-x64-windows/bin/../lib/gcc/avr/15.2.0/avr5\libgcc.a(_clear_bss.o)
                0x0000008a                __do_clear_bss
 *(.init4)
 *(.init5)
 *(.init5)
 *(.init6)
 *(.init6)
 *(.init7)
 *(.init7)
 *(.init8)
 *(.init8)
 *(.init9)
 .init9         0x0000009a        0x8 C:/Users/jonat/Downloads/avr-gcc-15.2.0-x64-windows/avr-gcc-15.2.0-x64-windows/bin/../lib/gcc/avr/15.2.0/../../../../avr/lib/avr5/crtatmega328p.o
 *(.init9)
 *(.text)
 .text          0x000000a2        0x4 C:/Users/jonat/Downloads/avr-gcc-15.2.0-x64-windows/avr-gcc-15.2.0-x64-windows/bin/../lib/gcc/avr/15.2.0/../../../../avr/lib/avr5/crtatmega328p.o
                0x000000a2                __vector_22
                0x000000a2                __vector_1
                0x000000a2                __vector_24
                0x000000a2                __vector_12
                0x000000a2                __bad_interrupt
                0x000000a2                __vector_6
                0x000000a2                __vector_3
                0x000000a2                __vector_23
                0x000000a2                __vector_25
                0x000000a2                __vector_11
                0x000000a2                __vector_13
                0x000000a2                __vector_17
                0x000000a2                __vector_19
                0x000000a2                __vector_7
                0x000000a2                __vector_5
                0x000000a2                __vector_4
                0x000000a2                __vector_9
                0x000000a2                __vector_2
                0x000000a2                __vector_21
                0x000000a2                __vector_15
                0x000000a2                __vector_8
                0x000000a2                __vector_14
                0x000000a2                __vector_10
                0x000000a2                __vector_16
                0x000000a2                __vector_18
                0x000000a2                __vector_20
 .text          0x000000a6      0x210 main.o
                0x000000a6                I2C_init
                0x000000b0                I2C_start
                0x000000c0                I2C_stop
                0x000000d0                I2C_write
                0x000000e4                I2C_read
                0x00000100                i2c_read_addr8_data8
                0x0000014e                i2c_read_addr8_data16
                0x000001b4                i2c_write_addr8_data8
                0x000001e8                validate_I2C_interface
 .text          0x000002b6       0xa4 usart.o
                0x000002b6                usart_init
                0x000002f0                usart_putchar
                0x000002fe                usart_putchar_printf
                0x00000326                usart_getchar
                0x00000334                usart_kbhit
                0x00000340                usart_pstr
 .text          0x0000035a      0x5e0 vl53l0x.o
                0x000003ca                vl53l0x_init
                0x00000846                vl53l0x_read_range_single
 .text          0x0000093a        0x0 C:/Users/jonat/Downloads/avr-gcc-15.2.0-x64-windows/avr-gcc-15.2.0-x64-windows/bin/../lib/gcc/avr/15.2.0/avr5\libgcc.a(_exit.o)
 .text          0x0000093a        0x0 C:/Users/jonat/Downloads/avr-gcc-15.2.0-x64-windows/avr-gcc-15.2.0-x64-windows/bin/../lib/gcc/avr/15.2.0/avr5\libgcc.a(_copy_data.o)
 .text          0x0000093a        0x0 C:/Users/jonat/Downloads/avr-gcc-15.2.0-x64-windows/avr-gcc-15.2.0-x64-windows/bin/../lib/gcc/avr/15.2.0/avr5\libgcc.a(_clear_bss.o)
 .text          0x0000093a        0x0 C:/Users/jonat/Downloads/avr-gcc-15.2.0-x64-windows/avr-gcc-15.2.0-x64-windows/bin/../lib/gcc/avr/15.2.0/../../../../avr/lib/avr5\libc.a(iob.o)
 .text          0x0000093a        0x0 C:/Users/jonat/Downloads/avr-gcc-15.2.0-x64-windows/avr-gcc-15.2.0-x64-windows/bin/../lib/gcc/avr/15.2.0/../../../../avr/lib/avr5\libc.a(printf.o)
 .text          0x0000093a        0x0 C:/Users/jonat/Downloads/avr-gcc-15.2.0-x64-windows/avr-gcc-15.2.0-x64-windows/bin/../lib/gcc/avr/15.2.0/../../../../avr/lib/avr5\libc.a(putchar.o)
 .text          0x0000093a        0x0 C:/Users/jonat/Downloads/avr-gcc-15.2.0-x64-windows/avr-gcc-15.2.0-x64-windows/bin/../lib/gcc/avr/15.2.0/../../../../avr/lib/avr5\libc.a(puts.o)
 .text          0x0000093a        0x0 C:/Users/jonat/Downloads/avr-gcc-15.2.0-x64-windows/avr-gcc-15.2.0-x64-windows/bin/../lib/gcc/avr/15.2.0/../../../../avr/lib/avr5\libc.a(vfprintf_std.o)
 .text          0x0000093a        0x0 C:/Users/jonat/Downloads/avr-gcc-15.2.0-x64-windows/avr-gcc-15.2.0-x64-windows/bin/../lib/gcc/avr/15.2.0/../../../../avr/lib/avr5\libc.a(strnlen_P.o)
 .text          0x0000093a        0x0 C:/Users/jonat/Downloads/avr-gcc-15.2.0-x64-windows/avr-gcc-15.2.0-x64-windows/bin/../lib/gcc/avr/15.2.0/../../../../avr/lib/avr5\libc.a(strnlen.o)
 .text          0x0000093a        0x0 C:/Users/jonat/Downloads/avr-gcc-15.2.0-x64-windows/avr-gcc-15.2.0-x64-windows/bin/../lib/gcc/avr/15.2.0/../../../../avr/lib/avr5\libc.a(fputc.o)
 .text          0x0000093a        0x0 C:/Users/jonat/Downloads/avr-gcc-15.2.0-x64-windows/avr-gcc-15.2.0-x64-windows/bin/../lib/gcc/avr/15.2.0/../../../../avr/lib/avr5\libc.a(ultoa_invert.o)
 .text          0x0000093a        0x0 C:/Users/jonat/Downloads/avr-gcc-15.2.0-x64-windows/avr-gcc-15.2.0-x64-windows/bin/../lib/gcc/avr/15.2.0/avr5\libgcc.a(_negsi2.o)
 .text          0x0000093a        0x0 C:/Users/jonat/Downloads/avr-gcc-15.2.0-x64-windows/avr-gcc-15.2.0-x64-windows/bin/../lib/gcc/avr/15.2.0/avr5\libgcc.a(_prologue.o)
 .text          0x0000093a        0x0 C:/Users/jonat/Downloads/avr-gcc-15.2.0-x64-windows/avr-gcc-15.2.0-x64-windows/bin/../lib/gcc/avr/15.2.0/avr5\libgcc.a(_epilogue.o)
                0x0000093a                        . = ALIGN (0x2)
 *(.text.*)
 .text.startup  0x0000093a       0xce main.o
                0x0000093a                main
 .text.libgcc.mul
                0x00000a08        0x0 C:/Users/jonat/Downloads/avr-gcc-15.2.0-x64-windows/avr-gcc-15.2.0-x64-windows/bin/../lib/gcc/avr/15.2.0/avr5\libgcc.a(_exit.o)
 .text.libgcc.div
                0x00000a08        0x0 C:/Users/jonat/Downloads/avr-gcc-15.2.0-x64-windows/avr-gcc-15.2.0-x64-windows/bin/../lib/gcc/avr/15.2.0/avr5\libgcc.a(_exit.o)
 .text.libgcc   0x00000a08        0x0 C:/Users/jonat/Downloads/avr-gcc-15.2.0-x64-windows/avr-gcc-15.2.0-x64-windows/bin/../lib/gcc/avr/15.2.0/avr5\libgcc.a(_exit.o)
 .text.libgcc.prologue
                0x00000a08        0x0 C:/Users/jonat/Downloads/avr-gcc-15.2.0-x64-windows/avr-gcc-15.2.0-x64-windows/bin/../lib/gcc/avr/15.2.0/avr5\libgcc.a(_exit.o)
 .text.libgcc.builtins
                0x00000a08        0x0 C:/Users/jonat/Downloads/avr-gcc-15.2.0-x64-windows/avr-gcc-15.2.0-x64-windows/bin/../lib/gcc/avr/15.2.0/avr5\libgcc.a(_exit.o)
 .text.libgcc.fmul
                0x00000a08        0x0 C:/Users/jonat/Downloads/avr-gcc-15.2.0-x64-windows/avr-gcc-15.2.0-x64-windows/bin/../lib/gcc/avr/15.2.0/avr5\libgcc.a(_exit.o)
 .text.libgcc.fixed
                0x00000a08        0x0 C:/Users/jonat/Downloads/avr-gcc-15.2.0-x64-windows/avr-gcc-15.2.0-x64-windows/bin/../lib/gcc/avr/15.2.0/avr5\libgcc.a(_exit.o)
 .text.libgcc.mul
                0x00000a08        0x0 C:/Users/jonat/Downloads/avr-gcc-15.2.0-x64-windows/avr-gcc-15.2.0-x64-windows/bin/../lib/gcc/avr/15.2.0/avr5\libgcc.a(_copy_data.o)
 .text.libgcc.div
                0x00000a08        0x0 C:/Users/jonat/Downloads/avr-gcc-15.2.0-x64-windows/avr-gcc-15.2.0-x64-windows/bin/../lib/gcc/avr/15.2.0/avr5\libgcc.a(_copy_data.o)
 .text.libgcc   0x00000a08        0x0 C:/Users/jonat/Downloads/avr-gcc-15.2.0-x64-windows/avr-gcc-15.2.0-x64-windows/bin/../lib/gcc/avr/15.2.0/avr5\libgcc.a(_copy_data.o)
 .text.libgcc.prologue
                0x00000a08        0x0 C:/Users/jonat/Downloads/avr-gcc-15.2.0-x64-windows/avr-gcc-15.2.0-x64-windows/bin/../lib/gcc/avr/15.2.0/avr5\libgcc.a(_copy_data.o)
 .text.libgcc.builtins
                0x00000a08        0x0 C:/Users/jonat/Downloads/avr-gcc-15.2.0-x64-windows/avr-gcc-15.2.0-x64-windows/bin/../lib/gcc/avr/15.2.0/avr5\libgcc.a(_copy_data.o)
 .text.libgcc.fmul
                0x00000a08        0x0 C:/Users/jonat/Downloads/avr-gcc-15.2.0-x64-windows/avr-gcc-15.2.0-x64-windows/bin/../lib/gcc/avr/15.2.0/avr5\libgcc.a(_copy_data.o)
 .text.libgcc.fixed
                0x00000a08        0x0 C:/Users/jonat/Downloads/avr-gcc-15.2.0-x64-windows/avr-gcc-15.2.0-x64-windows/bin/../lib/gcc/avr/15.2.0/avr5\libgcc.a(_copy_data.o)
 .text.libgcc.mul
                0x00000a08        0x0 C:/Users/jonat/Downloads/avr-gcc-15.2.0-x64-windows/avr-gcc-15.2.0-x64-windows/bin/../lib/gcc/avr/15.2.0/avr5\libgcc.a(_clear_bss.o)
 .text.libgcc.div
                0x00000a08        0x0 C:/Users/jonat/Downloads/avr-gcc-15.2.0-x64-windows/avr-gcc-15.2.0-x64-windows/bin/../lib/gcc/avr/15.2.0/avr5\libgcc.a(_clear_bss.o)
 .text.libgcc   0x00000a08        0x0 C:/Users/jonat/Downloads/avr-gcc-15.2.0-x64-windows/avr-gcc-15.2.0-x64-windows/bin/../lib/gcc/avr/15.2.0/avr5\libgcc.a(_clear_bss.o)
 .text.libgcc.prologue
                0x00000a08        0x0 C:/Users/jonat/Downloads/avr-gcc-15.2.0-x64-windows/avr-gcc-15.2.0-x64-windows/bin/../lib/gcc/avr/15.2.0/avr5\libgcc.a(_clear_bss.o)
 .text.libgcc.builtins
                0x00000a08        0x0 C:/Users/jonat/Downloads/avr-gcc-15.2.0-x64-windows/avr-gcc-15.2.0-x64-windows/bin/../lib/gcc/avr/15.2.0/avr5\libgcc.a(_clear_bss.o)
 .text.libgcc.fmul
                0x00000a08        0x0 C:/Users/jonat/Downloads/avr-gcc-15.2.0-x64-windows/avr-gcc-15.2.0-x64-windows/bin/../lib/gcc/avr/15.2.0/avr5\libgcc.a(_clear_bss.o)
 .text.libgcc.fixed
                0x00000a08        0x0 C:/Users/jonat/Downloads/avr-gcc-15.2.0-x64-windows/avr-gcc-15.2.0-x64-windows/bin/../lib/gcc/avr/15.2.0/avr5\libgcc.a(_clear_bss.o)
 .text.avr-libc
                0x00000a08       0x2c C:/Users/jonat/Downloads/avr-gcc-15.2.0-x64-windows/avr-gcc-15.2.0-x64-windows/bin/../lib/gcc/avr/15.2.0/../../../../avr/lib/avr5\libc.a(printf.o)
                0x00000a08                printf
 .text.avr-libc
                0x00000a34        0xe C:/Users/jonat/Downloads/avr-gcc-15.2.0-x64-windows/avr-gcc-15.2.0-x64-windows/bin/../lib/gcc/avr/15.2.0/../../../../avr/lib/avr5\libc.a(putchar.o)
                0x00000a34                putchar
 .text.avr-libc
                0x00000a42       0x58 C:/Users/jonat/Downloads/avr-gcc-15.2.0-x64-windows/avr-gcc-15.2.0-x64-windows/bin/../lib/gcc/avr/15.2.0/../../../../avr/lib/avr5\libc.a(puts.o)
                0x00000a42                puts
 .text.avr-libc
                0x00000a9a      0x3ca C:/Users/jonat/Downloads/avr-gcc-15.2.0-x64-windows/avr-gcc-15.2.0-x64-windows/bin/../lib/gcc/avr/15.2.0/../../../../avr/lib/avr5\libc.a(vfprintf_std.o)
                0x00000a9a                vfprintf
 .text.avr-libc
                0x00000e64       0x16 C:/Users/jonat/Downloads/avr-gcc-15.2.0-x64-windows/avr-gcc-15.2.0-x64-windows/bin/../lib/gcc/avr/15.2.0/../../../../avr/lib/avr5\libc.a(strnlen_P.o)
                0x00000e64                strnlen_P
 .text.avr-libc
                0x00000e7a       0x16 C:/Users/jonat/Downloads/avr-gcc-15.2.0-x64-windows/avr-gcc-15.2.0-x64-windows/bin/../lib/gcc/avr/15.2.0/../../../../avr/lib/avr5\libc.a(strnlen.o)
                0x00000e7a                strnlen
 .text.avr-libc
                0x00000e90       0x82 C:/Users/jonat/Downloads/avr-gcc-15.2.0-x64-windows/avr-gcc-15.2.0-x64-windows/bin/../lib/gcc/avr/15.2.0/../../../../avr/lib/avr5\libc.a(fputc.o)
                0x00000e90                fputc
 .text.avr-libc
                0x00000f12       0xbc C:/Users/jonat/Downloads/avr-gcc-15.2.0-x64-windows/avr-gcc-15.2.0-x64-windows/bin/../lib/gcc/avr/15.2.0/../../../../avr/lib/avr5\libc.a(ultoa_invert.o)
                0x00000f12                __ultoa_invert
 .text.libgcc.mul
                0x00000fce        0x0 C:/Users/jonat/Downloads/avr-gcc-15.2.0-x64-windows/avr-gcc-15.2.0-x64-windows/bin/../lib/gcc/avr/15.2.0/avr5\libgcc.a(_negsi2.o)
 .text.libgcc.div
                0x00000fce       0x10 C:/Users/jonat/Downloads/avr-gcc-15.2.0-x64-windows/avr-gcc-15.2.0-x64-windows/bin/../lib/gcc/avr/15.2.0/avr5\libgcc.a(_negsi2.o)
                0x00000fce                __negsi2
 .text.libgcc   0x00000fde        0x0 C:/Users/jonat/Downloads/avr-gcc-15.2.0-x64-windows/avr-gcc-15.2.0-x64-windows/bin/../lib/gcc/avr/15.2.0/avr5\libgcc.a(_negsi2.o)
 .text.libgcc.prologue
                0x00000fde        0x0 C:/Users/jonat/Downloads/avr-gcc-15.2.0-x64-windows/avr-gcc-15.2.0-x64-windows/bin/../lib/gcc/avr/15.2.0/avr5\libgcc.a(_negsi2.o)
 .text.libgcc.builtins
                0x00000fde        0x0 C:/Users/jonat/Downloads/avr-gcc-15.2.0-x64-windows/avr-gcc-15.2.0-x64-windows/bin/../lib/gcc/avr/15.2.0/avr5\libgcc.a(_negsi2.o)
 .text.libgcc.fmul
                0x00000fde        0x0 C:/Users/jonat/Downloads/avr-gcc-15.2.0-x64-windows/avr-gcc-15.2.0-x64-windows/bin/../lib/gcc/avr/15.2.0/avr5\libgcc.a(_negsi2.o)
 .text.libgcc.fixed
                0x00000fde        0x0 C:/Users/jonat/Downloads/avr-gcc-15.2.0-x64-windows/avr-gcc-15.2.0-x64-windows/bin/../lib/gcc/avr/15.2.0/avr5\libgcc.a(_negsi2.o)
 .text.libgcc.mul
                0x00000fde        0x0 C:/Users/jonat/Downloads/avr-gcc-15.2.0-x64-windows/avr-gcc-15.2.0-x64-windows/bin/../lib/gcc/avr/15.2.0/avr5\libgcc.a(_prologue.o)
 .text.libgcc.div
                0x00000fde        0x0 C:/Users/jonat/Downloads/avr-gcc-15.2.0-x64-windows/avr-gcc-15.2.0-x64-windows/bin/../lib/gcc/avr/15.2.0/avr5\libgcc.a(_prologue.o)
 .text.libgcc   0x00000fde        0x0 C:/Users/jonat/Downloads/avr-gcc-15.2.0-x64-windows/avr-gcc-15.2.0-x64-windows/bin/../lib/gcc/avr/15.2.0/avr5\libgcc.a(_prologue.o)
 .text.libgcc.prologue
                0x00000fde       0x38 C:/Users/jonat/Downloads/avr-gcc-15.2.0-x64-windows/avr-gcc-15.2.0-x64-windows/bin/../lib/gcc/avr/15.2.0/avr5\libgcc.a(_prologue.o)
                0x00000fde                __prologue_saves__
 .text.libgcc.builtins
                0x00001016        0x0 C:/Users/jonat/Downloads/avr-gcc-15.2.0-x64-windows/avr-gcc-15.2.0-x64-windows/bin/../lib/gcc/avr/15.2.0/avr5\libgcc.a(_prologue.o)
 .text.libgcc.fmul
                0x00001016        0x0 C:/Users/jonat/Downloads/avr-gcc-15.2.0-x64-windows/avr-gcc-15.2.0-x64-windows/bin/../lib/gcc/avr/15.2.0/avr5\libgcc.a(_prologue.o)
 .text.libgcc.fixed
                0x00001016        0x0 C:/Users/jonat/Downloads/avr-gcc-15.2.0-x64-windows/avr-gcc-15.2.0-x64-windows/bin/../lib/gcc/avr/15.2.0/avr5\libgcc.a(_prologue.o)
 .text.libgcc.mul
                0x00001016        0x0 C:/Users/jonat/Downloads/avr-gcc-15.2.0-x64-windows/avr-gcc-15.2.0-x64-windows/bin/../lib/gcc/avr/15.2.0/avr5\libgcc.a(_epilogue.o)
 .text.libgcc.div
                0x00001016        0x0 C:/Users/jonat/Downloads/avr-gcc-15.2.0-x64-windows/avr-gcc-15.2.0-x64-windows/bin/../lib/gcc/avr/15.2.0/avr5\libgcc.a(_epilogue.o)
 .text.libgcc   0x00001016        0x0 C:/Users/jonat/Downloads/avr-gcc-15.2.0-x64-windows/avr-gcc-15.2.0-x64-windows/bin/../lib/gcc/avr/15.2.0/avr5\libgcc.a(_epilogue.o)
 .text.libgcc.prologue
                0x00001016       0x36 C:/Users/jonat/Downloads/avr-gcc-15.2.0-x64-windows/avr-gcc-15.2.0-x64-windows/bin/../lib/gcc/avr/15.2.0/avr5\libgcc.a(_epilogue.o)
                0x00001016                __epilogue_restores__
 .text.libgcc.builtins
                0x0000104c        0x0 C:/Users/jonat/Downloads/avr-gcc-15.2.0-x64-windows/avr-gcc-15.2.0-x64-windows/bin/../lib/gcc/avr/15.2.0/avr5\libgcc.a(_epilogue.o)
 .text.libgcc.fmul
                0x0000104c        0x0 C:/Users/jonat/Downloads/avr-gcc-15.2.0-x64-windows/avr-gcc-15.2.0-x64-windows/bin/../lib/gcc/avr/15.2.0/avr5\libgcc.a(_epilogue.o)
 .text.libgcc.fixed
                0x0000104c        0x0 C:/Users/jonat/Downloads/avr-gcc-15.2.0-x64-windows/avr-gcc-15.2.0-x64-windows/bin/../lib/gcc/avr/15.2.0/avr5\libgcc.a(_epilogue.o)
                0x0000104c                        . = ALIGN (0x2)
 *(.fini9)
 .fini9         0x0000104c        0x0 C:/Users/jonat/Downloads/avr-gcc-15.2.0-x64-windows/avr-gcc-15.2.0-x64-windows/bin/../lib/gcc/avr/15.2.0/avr5\libgcc.a(_exit.o)
                0x0000104c                _exit
                0x0000104c                exit
 *(.fini9)
 *(.fini8)
 *(.fini8)
 *(.fini7)
 *(.fini7)
 *(.fini6)
 *(.fini6)
 *(.fini5)
 *(.fini5)
 *(.fini4)
 *(.fini4)
 *(.fini3)
 *(.fini3)
 *(.fini2)
 *(.fini2)
 *(.fini1)
 *(.fini1)
 *(.fini0)
 .fini0         0x0000104c        0x4 C:/Users/jonat/Downloads/avr-gcc-15.2.0-x64-windows/avr-gcc-15.2.0-x64-windows/bin/../lib/gcc/avr/15.2.0/avr5\libgcc.a(_exit.o)
 *(.fini0)
 *(.hightext)
 *(.hightext*)
 *(.progmemx)
 *(.progmemx.*)
                0x00001050                        . = ALIGN (0x2)
 *(.jumptables)
 *(.jumptables*)
                0x00001050                        _etext = .

.data           0x00800100      0x122 load address 0x00001050
                0x00800100                        PROVIDE (__data_start = .)
 *(.data)
 .data          0x00800100        0x0 C:/Users/jonat/Downloads/avr-gcc-15.2.0-x64-windows/avr-gcc-15.2.0-x64-windows/bin/../lib/gcc/avr/15.2.0/../../../../avr/lib/avr5/crtatmega328p.o
 .data          0x00800100        0x0 main.o
 .data          0x00800100        0xe usart.o
 .data          0x0080010e        0x0 vl53l0x.o
 .data          0x0080010e        0x0 C:/Users/jonat/Downloads/avr-gcc-15.2.0-x64-windows/avr-gcc-15.2.0-x64-windows/bin/../lib/gcc/avr/15.2.0/avr5\libgcc.a(_exit.o)
 .data          0x0080010e        0x0 C:/Users/jonat/Downloads/avr-gcc-15.2.0-x64-windows/avr-gcc-15.2.0-x64-windows/bin/../lib/gcc/avr/15.2.0/avr5\libgcc.a(_copy_data.o)
 .data          0x0080010e        0x0 C:/Users/jonat/Downloads/avr-gcc-15.2.0-x64-windows/avr-gcc-15.2.0-x64-windows/bin/../lib/gcc/avr/15.2.0/avr5\libgcc.a(_clear_bss.o)
 .data          0x0080010e        0x0 C:/Users/jonat/Downloads/avr-gcc-15.2.0-x64-windows/avr-gcc-15.2.0-x64-windows/bin/../lib/gcc/avr/15.2.0/../../../../avr/lib/avr5\libc.a(iob.o)
 .data          0x0080010e        0x0 C:/Users/jonat/Downloads/avr-gcc-15.2.0-x64-windows/avr-gcc-15.2.0-x64-windows/bin/../lib/gcc/avr/15.2.0/../../../../avr/lib/avr5\libc.a(printf.o)
 .data          0x0080010e        0x0 C:/Users/jonat/Downloads/avr-gcc-15.2.0-x64-windows/avr-gcc-15.2.0-x64-windows/bin/../lib/gcc/avr/15.2.0/../../../../avr/lib/avr5\libc.a(putchar.o)
 .data          0x0080010e        0x0 C:/Users/jonat/Downloads/avr-gcc-15.2.0-x64-windows/avr-gcc-15.2.0-x64-windows/bin/../lib/gcc/avr/15.2.0/../../../../avr/lib/avr5\libc.a(puts.o)
 .data          0x0080010e        0x0 C:/Users/jonat/Downloads/avr-gcc-15.2.0-x64-windows/avr-gcc-15.2.0-x64-windows/bin/../lib/gcc/avr/15.2.0/../../../../avr/lib/avr5\libc.a(vfprintf_std.o)
 .data          0x0080010e        0x0 C:/Users/jonat/Downloads/avr-gcc-15.2.0-x64-windows/avr-gcc-15.2.0-x64-windows/bin/../lib/gcc/avr/15.2.0/../../../../avr/lib/avr5\libc.a(strnlen_P.o)
 .data          0x0080010e        0x0 C:/Users/jonat/Downloads/avr-gcc-15.2.0-x64-windows/avr-gcc-15.2.0-x64-windows/bin/../lib/gcc/avr/15.2.0/../../../../avr/lib/avr5\libc.a(strnlen.o)
 .data          0x0080010e        0x0 C:/Users/jonat/Downloads/avr-gcc-15.2.0-x64-windows/avr-gcc-15.2.0-x64-windows/bin/../lib/gcc/avr/15.2.0/../../../../avr/lib/avr5\libc.a(fputc.o)
 .data          0x0080010e        0x0 C:/Users/jonat/Downloads/avr-gcc-15.2.0-x64-windows/avr-gcc-15.2.0-x64-windows/bin/../lib/gcc/avr/15.2.0/../../../../avr/lib/avr5\libc.a(ultoa_invert.o)
 .data          0x0080010e        0x0 C:/Users/jonat/Downloads/avr-gcc-15.2.0-x64-windows/avr-gcc-15.2.0-x64-windows/bin/../lib/gcc/avr/15.2.0/avr5\libgcc.a(_negsi2.o)
 .data          0x0080010e        0x0 C:/Users/jonat/Downloads/avr-gcc-15.2.0-x64-windows/avr-gcc-15.2.0-x64-windows/bin/../lib/gcc/avr/15.2.0/avr5\libgcc.a(_prologue.o)
 .data          0x0080010e        0x0 C:/Users/jonat/Downloads/avr-gcc-15.2.0-x64-windows/avr-gcc-15.2.0-x64-windows/bin/../lib/gcc/avr/15.2.0/avr5\libgcc.a(_epilogue.o)
 *(.data*)
 *(.gnu.linkonce.d*)
 *(.rodata)
 *(.rodata*)
 .rodata.str1.1
                0x0080010e      0x114 main.o
 *(.gnu.linkonce.r*)
                0x00800222                        . = ALIGN (0x2)
                0x00800222                        _edata = .
                0x00800222                        PROVIDE (__data_end = .)

.bss            0x00800222        0x7
                0x00800222                        PROVIDE (__bss_start = .)
 *(.bss)
 .bss           0x00800222        0x0 C:/Users/jonat/Downloads/avr-gcc-15.2.0-x64-windows/avr-gcc-15.2.0-x64-windows/bin/../lib/gcc/avr/15.2.0/../../../../avr/lib/avr5/crtatmega328p.o
 .bss           0x00800222        0x0 main.o
 .bss           0x00800222        0x0 usart.o
 .bss           0x00800222        0x1 vl53l0x.o
 .bss           0x00800223        0x0 C:/Users/jonat/Downloads/avr-gcc-15.2.0-x64-windows/avr-gcc-15.2.0-x64-windows/bin/../lib/gcc/avr/15.2.0/avr5\libgcc.a(_exit.o)
 .bss           0x00800223        0x0 C:/Users/jonat/Downloads/avr-gcc-15.2.0-x64-windows/avr-gcc-15.2.0-x64-windows/bin/../lib/gcc/avr/15.2.0/avr5\libgcc.a(_copy_data.o)
 .bss           0x00800223        0x0 C:/Users/jonat/Downloads/avr-gcc-15.2.0-x64-windows/avr-gcc-15.2.0-x64-windows/bin/../lib/gcc/avr/15.2.0/avr5\libgcc.a(_clear_bss.o)
 .bss           0x00800223        0x6 C:/Users/jonat/Downloads/avr-gcc-15.2.0-x64-windows/avr-gcc-15.2.0-x64-windows/bin/../lib/gcc/avr/15.2.0/../../../../avr/lib/avr5\libc.a(iob.o)
                0x00800223                __iob
 .bss           0x00800229        0x0 C:/Users/jonat/Downloads/avr-gcc-15.2.0-x64-windows/avr-gcc-15.2.0-x64-windows/bin/../lib/gcc/avr/15.2.0/../../../../avr/lib/avr5\libc.a(printf.o)
 .bss           0x00800229        0x0 C:/Users/jonat/Downloads/avr-gcc-15.2.0-x64-windows/avr-gcc-15.2.0-x64-windows/bin/../lib/gcc/avr/15.2.0/../../../../avr/lib/avr5\libc.a(putchar.o)
 .bss           0x00800229        0x0 C:/Users/jonat/Downloads/avr-gcc-15.2.0-x64-windows/avr-gcc-15.2.0-x64-windows/bin/../lib/gcc/avr/15.2.0/../../../../avr/lib/avr5\libc.a(puts.o)
 .bss           0x00800229        0x0 C:/Users/jonat/Downloads/avr-gcc-15.2.0-x64-windows/avr-gcc-15.2.0-x64-windows/bin/../lib/gcc/avr/15.2.0/../../../../avr/lib/avr5\libc.a(vfprintf_std.o)
 .bss           0x00800229        0x0 C:/Users/jonat/Downloads/avr-gcc-15.2.0-x64-windows/avr-gcc-15.2.0-x64-windows/bin/../lib/gcc/avr/15.2.0/../../../../avr/lib/avr5\libc.a(strnlen_P.o)
 .bss           0x00800229        0x0 C:/Users/jonat/Downloads/avr-gcc-15.2.0-x64-windows/avr-gcc-15.2.0-x64-windows/bin/../lib/gcc/avr/15.2.0/../../../../avr/lib/avr5\libc.a(strnlen.o)
 .bss           0x00800229        0x0 C:/Users/jonat/Downloads/avr-gcc-15.2.0-x64-windows/avr-gcc-15.2.0-x64-windows/bin/../lib/gcc/avr/15.2.0/../../../../avr/lib/avr5\libc.a(fputc.o)
 .bss           0x00800229        0x0 C:/Users/jonat/Downloads/avr-gcc-15.2.0-x64-windows/avr-gcc-15.2.0-x64-windows/bin/../lib/gcc/avr/15.2.0/../../../../avr/lib/avr5\libc.a(ultoa_invert.o)
 .bss           0x00800229        0x0 C:/Users/jonat/Downloads/avr-gcc-15.2.0-x64-windows/avr-gcc-15.2.0-x64-windows/bin/../lib/gcc/avr/15.2.0/avr5\libgcc.a(_negsi2.o)
 .bss           0x00800229        0x0 C:/Users/jonat/Downloads/avr-gcc-15.2.0-x64-windows/avr-gcc-15.2.0-x64-windows/bin/../lib/gcc/avr/15.2.0/avr5\libgcc.a(_prologue.o)
 .bss           0x00800229        0x0 C:/Users/jonat/Downloads/avr-gcc-15.2.0-x64-windows/avr-gcc-15.2.0-x64-windows/bin/../lib/gcc/avr/15.2.0/avr5\libgcc.a(_epilogue.o)
 *(.bss*)
 *(COMMON)
                0x00800229                        PROVIDE (__bss_end = .)
                0x00001050                        __data_load_start = LOADADDR (.data)
                0x00001172                        __data_load_end = (__data_load_start + SIZEOF (.data))

.noinit         0x00800229        0x0
                [!provide]                        PROVIDE (__noinit_start = .)
 *(.noinit .noinit.* .gnu.linkonce.n.*)
                [!provide]                        PROVIDE (__noinit_end = .)
                0x00800229                        _end = .
                [!provide]                        PROVIDE (__heap_start = .)
                0x00000000                        __flmap_init_label = DEFINED (__flmap_noinit_start)?__flmap_noinit_start:0x0
                0x00000000                        __flmap = DEFINED (__flmap)?__flmap:0x0

.eeprom         0x00810000        0x0
 *(.eeprom*)
                0x00810000                        __eeprom_end = .

.fuse
 *(.fuse)
 *(.lfuse)
 *(.hfuse)
 *(.efuse)

.lock
 *(.lock*)

.signature
 *(.signature*)

.stab
 *(.stab)

.stabstr
 *(.stabstr)

.stab.excl
 *(.stab.excl)

.stab.exclstr
 *(.stab.exclstr)

.stab.index
 *(.stab.index)

.stab.indexstr
 *(.stab.indexstr)

.comment        0x00000000       0x12
 *(.comment)
 .comment       0x00000000       0x12 main.o
                                 0x13 (size before relaxing)
 .comment       0x00000012        0x0 usart.o
                                 0x13 (size before relaxing)
 .comment       0x00000012        0x0 vl53l0x.o
                                 0x13 (size before relaxing)
 .comment       0x00000012        0x0 C:/Users/jonat/Downloads/avr-gcc-15.2.0-x64-windows/avr-gcc-15.2.0-x64-windows/bin/../lib/gcc/avr/15.2.0/../../../../avr/lib/avr5\libc.a(iob.o)
                                 0x13 (size before relaxing)
 .comment       0x00000012        0x0 C:/Users/jonat/Downloads/avr-gcc-15.2.0-x64-windows/avr-gcc-15.2.0-x64-windows/bin/../lib/gcc/avr/15.2.0/../../../../avr/lib/avr5\libc.a(printf.o)
                                 0x13 (size before relaxing)
 .comment       0x00000012        0x0 C:/Users/jonat/Downloads/avr-gcc-15.2.0-x64-windows/avr-gcc-15.2.0-x64-windows/bin/../lib/gcc/avr/15.2.0/../../../../avr/lib/avr5\libc.a(putchar.o)
                                 0x13 (size before relaxing)
 .comment       0x00000012        0x0 C:/Users/jonat/Downloads/avr-gcc-15.2.0-x64-windows/avr-gcc-15.2.0-x64-windows/bin/../lib/gcc/avr/15.2.0/../../../../avr/lib/avr5\libc.a(puts.o)
                                 0x13 (size before relaxing)
 .comment       0x00000012        0x0 C:/Users/jonat/Downloads/avr-gcc-15.2.0-x64-windows/avr-gcc-15.2.0-x64-windows/bin/../lib/gcc/avr/15.2.0/../../../../avr/lib/avr5\libc.a(vfprintf_std.o)
                                 0x13 (size before relaxing)
 .comment       0x00000012        0x0 C:/Users/jonat/Downloads/avr-gcc-15.2.0-x64-windows/avr-gcc-15.2.0-x64-windows/bin/../lib/gcc/avr/15.2.0/../../../../avr/lib/avr5\libc.a(fputc.o)
                                 0x13 (size before relaxing)

.note.gnu.avr.deviceinfo
                0x00000000       0x40
 .note.gnu.avr.deviceinfo
                0x00000000       0x40 C:/Users/jonat/Downloads/avr-gcc-15.2.0-x64-windows/avr-gcc-15.2.0-x64-windows/bin/../lib/gcc/avr/15.2.0/../../../../avr/lib/avr5/crtatmega328p.o

.gnu.build.attributes
 *(.gnu.build.attributes .gnu.build.attributes.*)

.note.gnu.build-id
 *(.note.gnu.build-id)

.debug
 *(.debug)

.line
 *(.line)

.debug_srcinfo
 *(.debug_srcinfo)

.debug_sfnames
 *(.debug_sfnames)

.debug_aranges  0x00000000      0x128
 *(.debug_aranges)
 .debug_aranges
                0x00000000       0x28 main.o
 .debug_aranges
                0x00000028       0x20 usart.o
 .debug_aranges
                0x00000048       0x20 vl53l0x.o
 .debug_aranges
                0x00000068       0x20 C:/Users/jonat/Downloads/avr-gcc-15.2.0-x64-windows/avr-gcc-15.2.0-x64-windows/bin/../lib/gcc/avr/15.2.0/avr5\libgcc.a(_exit.o)
 .debug_aranges
                0x00000088       0x20 C:/Users/jonat/Downloads/avr-gcc-15.2.0-x64-windows/avr-gcc-15.2.0-x64-windows/bin/../lib/gcc/avr/15.2.0/avr5\libgcc.a(_copy_data.o)
 .debug_aranges
                0x000000a8       0x20 C:/Users/jonat/Downloads/avr-gcc-15.2.0-x64-windows/avr-gcc-15.2.0-x64-windows/bin/../lib/gcc/avr/15.2.0/avr5\libgcc.a(_clear_bss.o)
 .debug_aranges
                0x000000c8       0x20 C:/Users/jonat/Downloads/avr-gcc-15.2.0-x64-windows/avr-gcc-15.2.0-x64-windows/bin/../lib/gcc/avr/15.2.0/avr5\libgcc.a(_negsi2.o)
 .debug_aranges
                0x000000e8       0x20 C:/Users/jonat/Downloads/avr-gcc-15.2.0-x64-windows/avr-gcc-15.2.0-x64-windows/bin/../lib/gcc/avr/15.2.0/avr5\libgcc.a(_prologue.o)
 .debug_aranges
                0x00000108       0x20 C:/Users/jonat/Downloads/avr-gcc-15.2.0-x64-windows/avr-gcc-15.2.0-x64-windows/bin/../lib/gcc/avr/15.2.0/avr5\libgcc.a(_epilogue.o)

.debug_pubnames
 *(.debug_pubnames)

.debug_info     0x00000000     0x1e4d
 *(.debug_info .gnu.linkonce.wi.*)
 .debug_info    0x00000000      0x5f4 C:/Users/jonat/Downloads/avr-gcc-15.2.0-x64-windows/avr-gcc-15.2.0-x64-windows/bin/../lib/gcc/avr/15.2.0/../../../../avr/lib/avr5/crtatmega328p.o
 .debug_info    0x000005f4      0x64e main.o
 .debug_info    0x00000c42      0x259 usart.o
 .debug_info    0x00000e9b      0xeda vl53l0x.o
 .debug_info    0x00001d75       0x24 C:/Users/jonat/Downloads/avr-gcc-15.2.0-x64-windows/avr-gcc-15.2.0-x64-windows/bin/../lib/gcc/avr/15.2.0/avr5\libgcc.a(_exit.o)
 .debug_info    0x00001d99       0x24 C:/Users/jonat/Downloads/avr-gcc-15.2.0-x64-windows/avr-gcc-15.2.0-x64-windows/bin/../lib/gcc/avr/15.2.0/avr5\libgcc.a(_copy_data.o)
 .debug_info    0x00001dbd       0x24 C:/Users/jonat/Downloads/avr-gcc-15.2.0-x64-windows/avr-gcc-15.2.0-x64-windows/bin/../lib/gcc/avr/15.2.0/avr5\libgcc.a(_clear_bss.o)
 .debug_info    0x00001de1       0x24 C:/Users/jonat/Downloads/avr-gcc-15.2.0-x64-windows/avr-gcc-15.2.0-x64-windows/bin/../lib/gcc/avr/15.2.0/avr5\libgcc.a(_negsi2.o)
 .debug_info    0x00001e05       0x24 C:/Users/jonat/Downloads/avr-gcc-15.2.0-x64-windows/avr-gcc-15.2.0-x64-windows/bin/../lib/gcc/avr/15.2.0/avr5\libgcc.a(_prologue.o)
 .debug_info    0x00001e29       0x24 C:/Users/jonat/Downloads/avr-gcc-15.2.0-x64-windows/avr-gcc-15.2.0-x64-windows/bin/../lib/gcc/avr/15.2.0/avr5\libgcc.a(_epilogue.o)

.debug_abbrev   0x00000000      0xc9d
 *(.debug_abbrev)
 .debug_abbrev  0x00000000      0x5a2 C:/Users/jonat/Downloads/avr-gcc-15.2.0-x64-windows/avr-gcc-15.2.0-x64-windows/bin/../lib/gcc/avr/15.2.0/../../../../avr/lib/avr5/crtatmega328p.o
 .debug_abbrev  0x000005a2      0x266 main.o
 .debug_abbrev  0x00000808      0x1ba usart.o
 .debug_abbrev  0x000009c2      0x263 vl53l0x.o
 .debug_abbrev  0x00000c25       0x14 C:/Users/jonat/Downloads/avr-gcc-15.2.0-x64-windows/avr-gcc-15.2.0-x64-windows/bin/../lib/gcc/avr/15.2.0/avr5\libgcc.a(_exit.o)
 .debug_abbrev  0x00000c39       0x14 C:/Users/jonat/Downloads/avr-gcc-15.2.0-x64-windows/avr-gcc-15.2.0-x64-windows/bin/../lib/gcc/avr/15.2.0/avr5\libgcc.a(_copy_data.o)
 .debug_abbrev  0x00000c4d       0x14 C:/Users/jonat/Downloads/avr-gcc-15.2.0-x64-windows/avr-gcc-15.2.0-x64-windows/bin/../lib/gcc/avr/15.2.0/avr5\libgcc.a(_clear_bss.o)
 .debug_abbrev  0x00000c61       0x14 C:/Users/jonat/Downloads/avr-gcc-15.2.0-x64-windows/avr-gcc-15.2.0-x64-windows/bin/../lib/gcc/avr/15.2.0/avr5\libgcc.a(_negsi2.o)
 .debug_abbrev  0x00000c75       0x14 C:/Users/jonat/Downloads/avr-gcc-15.2.0-x64-windows/avr-gcc-15.2.0-x64-windows/bin/../lib/gcc/avr/15.2.0/avr5\libgcc.a(_prologue.o)
 .debug_abbrev  0x00000c89       0x14 C:/Users/jonat/Downloads/avr-gcc-15.2.0-x64-windows/avr-gcc-15.2.0-x64-windows/bin/../lib/gcc/avr/15.2.0/avr5\libgcc.a(_epilogue.o)

.debug_line     0x00000000     0x1826
 *(.debug_line .debug_line.* .debug_line_end)
 .debug_line    0x00000000       0x1d C:/Users/jonat/Downloads/avr-gcc-15.2.0-x64-windows/avr-gcc-15.2.0-x64-windows/bin/../lib/gcc/avr/15.2.0/../../../../avr/lib/avr5/crtatmega328p.o
 .debug_line    0x0000001d      0x5b7 main.o
 .debug_line    0x000005d4      0x21e usart.o
 .debug_line    0x000007f2      0xcc2 vl53l0x.o
 .debug_line    0x000014b4       0x51 C:/Users/jonat/Downloads/avr-gcc-15.2.0-x64-windows/avr-gcc-15.2.0-x64-windows/bin/../lib/gcc/avr/15.2.0/avr5\libgcc.a(_exit.o)
 .debug_line    0x00001505       0x87 C:/Users/jonat/Downloads/avr-gcc-15.2.0-x64-windows/avr-gcc-15.2.0-x64-windows/bin/../lib/gcc/avr/15.2.0/avr5\libgcc.a(_copy_data.o)
 .debug_line    0x0000158c       0x75 C:/Users/jonat/Downloads/avr-gcc-15.2.0-x64-windows/avr-gcc-15.2.0-x64-windows/bin/../lib/gcc/avr/15.2.0/avr5\libgcc.a(_clear_bss.o)
 .debug_line    0x00001601       0x51 C:/Users/jonat/Downloads/avr-gcc-15.2.0-x64-windows/avr-gcc-15.2.0-x64-windows/bin/../lib/gcc/avr/15.2.0/avr5\libgcc.a(_negsi2.o)
 .debug_line    0x00001652       0xed C:/Users/jonat/Downloads/avr-gcc-15.2.0-x64-windows/avr-gcc-15.2.0-x64-windows/bin/../lib/gcc/avr/15.2.0/avr5\libgcc.a(_prologue.o)
 .debug_line    0x0000173f       0xe7 C:/Users/jonat/Downloads/avr-gcc-15.2.0-x64-windows/avr-gcc-15.2.0-x64-windows/bin/../lib/gcc/avr/15.2.0/avr5\libgcc.a(_epilogue.o)

.debug_frame    0x00000000      0x224
 *(.debug_frame)
 .debug_frame   0x00000000       0xfc main.o
 .debug_frame   0x000000fc       0x90 usart.o
 .debug_frame   0x0000018c       0x98 vl53l0x.o

.debug_str      0x00000000      0x666
 *(.debug_str)
 .debug_str     0x00000000      0x208 C:/Users/jonat/Downloads/avr-gcc-15.2.0-x64-windows/avr-gcc-15.2.0-x64-windows/bin/../lib/gcc/avr/15.2.0/../../../../avr/lib/avr5/crtatmega328p.o
 .debug_str     0x00000208      0x45e main.o
                                0x24d (size before relaxing)
 .debug_str     0x00000666        0x0 usart.o
                                0x15d (size before relaxing)
 .debug_str     0x00000666        0x0 vl53l0x.o
                                0x2c1 (size before relaxing)
 .debug_str     0x00000666        0x0 C:/Users/jonat/Downloads/avr-gcc-15.2.0-x64-windows/avr-gcc-15.2.0-x64-windows/bin/../lib/gcc/avr/15.2.0/avr5\libgcc.a(_exit.o)
                                 0x68 (size before relaxing)
 .debug_str     0x00000666        0x0 C:/Users/jonat/Downloads/avr-gcc-15.2.0-x64-windows/avr-gcc-15.2.0-x64-windows/bin/../lib/gcc/avr/15.2.0/avr5\libgcc.a(_copy_data.o)
                                 0x68 (size before relaxing)
 .debug_str     0x00000666        0x0 C:/Users/jonat/Downloads/avr-gcc-15.2.0-x64-windows/avr-gcc-15.2.0-x64-windows/bin/../lib/gcc/avr/15.2.0/avr5\libgcc.a(_clear_bss.o)
                                 0x68 (size before relaxing)
 .debug_str     0x00000666        0x0 C:/Users/jonat/Downloads/avr-gcc-15.2.0-x64-windows/avr-gcc-15.2.0-x64-windows/bin/../lib/gcc/avr/15.2.0/avr5\libgcc.a(_negsi2.o)
                                 0x68 (size before relaxing)
 .debug_str     0x00000666        0x0 C:/Users/jonat/Downloads/avr-gcc-15.2.0-x64-windows/avr-gcc-15.2.0-x64-windows/bin/../lib/gcc/avr/15.2.0/avr5\libgcc.a(_prologue.o)
                                 0x68 (size before relaxing)
 .debug_str     0x00000666        0x0 C:/Users/jonat/Downloads/avr-gcc-15.2.0-x64-windows/avr-gcc-15.2.0-x64-windows/bin/../lib/gcc/avr/15.2.0/avr5\libgcc.a(_epilogue.o)
                                 0x68 (size before relaxing)

.debug_loc
 *(.debug_loc)

.debug_macinfo
 *(.debug_macinfo)

.debug_weaknames
 *(.debug_weaknames)

.debug_funcnames
 *(.debug_funcnames)

.debug_typenames
 *(.debug_typenames)

.debug_varnames
 *(.debug_varnames)

.debug_pubtypes
 *(.debug_pubtypes)

.debug_ranges
 *(.debug_ranges)

.debug_addr
 *(.debug_addr)

.debug_line_str
                0x00000000      0x1a9
 *(.debug_line_str)
 .debug_line_str
                0x00000000      0x1a9 main.o
                                0x18c (size before relaxing)
 .debug_line_str
                0x000001a9        0x0 usart.o
                                0x10a (size before relaxing)
 .debug_line_str
                0x000001a9        0x0 vl53l0x.o
                                0x108 (size before relaxing)
 .debug_line_str
                0x000001a9        0x0 C:/Users/jonat/Downloads/avr-gcc-15.2.0-x64-windows/avr-gcc-15.2.0-x64-windows/bin/../lib/gcc/avr/15.2.0/avr5\libgcc.a(_exit.o)
                                 0x5c (size before relaxing)
 .debug_line_str
                0x000001a9        0x0 C:/Users/jonat/Downloads/avr-gcc-15.2.0-x64-windows/avr-gcc-15.2.0-x64-windows/bin/../lib/gcc/avr/15.2.0/avr5\libgcc.a(_copy_data.o)
                                 0x5c (size before relaxing)
 .debug_line_str
                0x000001a9        0x0 C:/Users/jonat/Downloads/avr-gcc-15.2.0-x64-windows/avr-gcc-15.2.0-x64-windows/bin/../lib/gcc/avr/15.2.0/avr5\libgcc.a(_clear_bss.o)
                                 0x5c (size before relaxing)
 .debug_line_str
                0x000001a9        0x0 C:/Users/jonat/Downloads/avr-gcc-15.2.0-x64-windows/avr-gcc-15.2.0-x64-windows/bin/../lib/gcc/avr/15.2.0/avr5\libgcc.a(_negsi2.o)
                                 0x5c (size before relaxing)
 .debug_line_str
                0x000001a9        0x0 C:/Users/jonat/Downloads/avr-gcc-15.2.0-x64-windows/avr-gcc-15.2.0-x64-windows/bin/../lib/gcc/avr/15.2.0/avr5\libgcc.a(_prologue.o)
                                 0x5c (size before relaxing)
 .debug_line_str
                0x000001a9        0x0 C:/Users/jonat/Downloads/avr-gcc-15.2.0-x64-windows/avr-gcc-15.2.0-x64-windows/bin/../lib/gcc/avr/15.2.0/avr5\libgcc.a(_epilogue.o)
                                 0x5c (size before relaxing)

.debug_loclists
                0x00000000      0x3b3
 *(.debug_loclists)
 .debug_loclists
                0x00000000      0x1a4 main.o
 .debug_loclists
                0x000001a4       0x7f usart.o
 .debug_loclists
                0x00000223      0x190 vl53l0x.o

.debug_macro
 *(.debug_macro)

.debug_names
 *(.debug_names)

.debug_rnglists
                0x00000000       0x49
 *(.debug_rnglists)
 .debug_rnglists
                0x00000000       0x27 main.o
 .debug_rnglists
                0x00000027       0x22 vl53l0x.o

.debug_str_offsets
 *(.debug_str_offsets)

.debug_sup
 *(.debug_sup)
OUTPUT(main.elf elf32-avr)
LOAD linker stubs
